10-23 11:48:37.764: I/DEBUG(30): debuggerd: Jun 30 2010 14:39:19
10-23 11:48:37.834: I/Vold(28): Vold 2.1 (the revenge) firing up
10-23 11:48:37.894: I/Netd(29): Netd 1.0 starting
10-23 11:48:37.904: D/Vold(28): Volume sdcard state changing -1 (Initializing) -> 0 (No-Media)
10-23 11:48:37.915: D/qemud(37): entering main loop
10-23 11:48:38.244: W/Vold(28): No UMS switch available
10-23 11:48:38.374: D/qemud(37): fdhandler_accept_event: accepting on fd 10
10-23 11:48:38.374: D/qemud(37): created client 0xe078 listening on fd 8
10-23 11:48:38.396: D/qemud(37): client_fd_receive: attempting registration for service 'boot-properties'
10-23 11:48:38.396: D/qemud(37): client_fd_receive:    -> received channel id 1
10-23 11:48:38.404: D/qemud(37): client_registration: registration succeeded for client 1
10-23 11:48:38.404: I/qemu-props(50): connected to 'boot-properties' qemud service.
10-23 11:48:38.414: I/qemu-props(50): received: dalvik.vm.heapsize=32m
10-23 11:48:38.414: I/qemu-props(50): received: qemu.sf.lcd_density=240
10-23 11:48:38.414: I/qemu-props(50): received: qemu.hw.mainkeys=1
10-23 11:48:38.414: I/qemu-props(50): received: qemu.sf.fake_camera=none
10-23 11:48:38.414: I/qemu-props(50): received: 
10-23 11:48:38.414: I/qemu-props(50): invalid format, ignored.
10-23 11:48:39.074: D/qemud(37): fdhandler_accept_event: accepting on fd 10
10-23 11:48:39.074: D/qemud(37): created client 0x12f38 listening on fd 11
10-23 11:48:39.074: D/qemud(37): fdhandler_event: disconnect on fd 11
10-23 11:48:39.074: D/AndroidRuntime(32): >>>>>>>>>>>>>> AndroidRuntime START <<<<<<<<<<<<<<
10-23 11:48:39.094: D/AndroidRuntime(32): CheckJNI is ON
10-23 11:48:39.104: D/qemud(37): fdhandler_accept_event: accepting on fd 10
10-23 11:48:39.104: D/qemud(37): created client 0x12f38 listening on fd 11
10-23 11:48:39.104: D/qemud(37): client_fd_receive: attempting registration for service 'gsm'
10-23 11:48:39.104: D/qemud(37): client_fd_receive:    -> received channel id 2
10-23 11:48:39.114: D/qemud(37): client_registration: registration succeeded for client 2
10-23 11:48:39.754: I/(33): ServiceManager: 0xacd0
10-23 11:48:39.754: D/AudioHardwareInterface(33): setMode(NORMAL)
10-23 11:48:39.774: I/CameraService(33): CameraService started: pid=33
10-23 11:48:39.804: I/AudioFlinger(33): AudioFlinger's thread 0xb3f0 ready to run
10-23 11:48:39.834: D/AndroidRuntime(32): --- registering native functions ---
10-23 11:48:40.534: I/SamplingProfilerIntegration(32): Profiler is disabled.
10-23 11:48:40.595: I/Zygote(32): Preloading classes...
10-23 11:48:40.604: E/Zygote(32): setreuid() failed. errno: 2
10-23 11:48:40.614: D/dalvikvm(32): GC_EXPLICIT freed 821 objects / 47480 bytes in 13ms
10-23 11:48:40.964: D/dalvikvm(32): GC_EXPLICIT freed 219 objects / 13600 bytes in 5ms
10-23 11:48:41.054: D/dalvikvm(32): GC_EXPLICIT freed 253 objects / 14344 bytes in 7ms
10-23 11:48:41.144: D/dalvikvm(32): GC_EXPLICIT freed 466 objects / 28864 bytes in 8ms
10-23 11:48:41.524: D/dalvikvm(32): GC_EXPLICIT freed 2090 objects / 108328 bytes in 10ms
10-23 11:48:41.774: W/MediaProfiles(32): could not find media config xml file
10-23 11:48:41.814: D/dalvikvm(32): GC_EXPLICIT freed 279 objects / 15984 bytes in 10ms
10-23 11:48:42.194: D/dalvikvm(32): GC_FOR_MALLOC freed 5012 objects / 223152 bytes in 21ms
10-23 11:48:43.235: D/dalvikvm(32): GC_FOR_MALLOC freed 11282 objects / 381088 bytes in 29ms
10-23 11:48:43.736: D/dalvikvm(32): GC_FOR_MALLOC freed 9805 objects / 461888 bytes in 33ms
10-23 11:48:44.065: D/dalvikvm(32): GC_FOR_MALLOC freed 8694 objects / 422936 bytes in 33ms
10-23 11:48:44.734: D/dalvikvm(32): GC_FOR_MALLOC freed 7648 objects / 458560 bytes in 50ms
10-23 11:48:45.334: D/dalvikvm(32): GC_FOR_MALLOC freed 7537 objects / 458192 bytes in 33ms
10-23 11:48:46.184: D/dalvikvm(32): GC_FOR_MALLOC freed 7189 objects / 457624 bytes in 37ms
10-23 11:48:46.874: D/dalvikvm(32): GC_FOR_MALLOC freed 8598 objects / 513456 bytes in 34ms
10-23 11:48:46.984: D/dalvikvm(32): GC_EXPLICIT freed 453 objects / 39192 bytes in 28ms
10-23 11:48:47.275: D/dalvikvm(32): GC_EXPLICIT freed 594 objects / 29016 bytes in 51ms
10-23 11:48:47.434: D/dalvikvm(32): GC_EXPLICIT freed 449 objects / 25096 bytes in 44ms
10-23 11:48:47.724: D/dalvikvm(32): GC_EXPLICIT freed 308 objects / 35136 bytes in 50ms
10-23 11:48:47.875: D/dalvikvm(32): GC_EXPLICIT freed 279 objects / 18952 bytes in 45ms
10-23 11:48:48.314: D/dalvikvm(32): GC_EXPLICIT freed 341 objects / 18432 bytes in 72ms
10-23 11:48:48.584: D/dalvikvm(32): GC_EXPLICIT freed 449 objects / 28248 bytes in 43ms
10-23 11:48:50.384: D/dalvikvm(32): GC_EXPLICIT freed 530 objects / 53464 bytes in 47ms
10-23 11:48:50.495: D/dalvikvm(32): GC_EXPLICIT freed 623 objects / 34040 bytes in 45ms
10-23 11:48:50.624: D/dalvikvm(32): GC_EXPLICIT freed 861 objects / 46872 bytes in 53ms
10-23 11:48:50.824: D/dalvikvm(32): GC_EXPLICIT freed 1747 objects / 85520 bytes in 48ms
10-23 11:48:50.934: D/dalvikvm(32): GC_EXPLICIT freed 447 objects / 29400 bytes in 49ms
10-23 11:48:51.035: D/dalvikvm(32): GC_EXPLICIT freed 315 objects / 20192 bytes in 47ms
10-23 11:48:51.044: I/Zygote(32): ...preloaded 1265 classes in 10444ms.
10-23 11:48:51.044: E/Zygote(32): setreuid() failed. errno: 17
10-23 11:48:51.094: D/dalvikvm(32): GC_EXPLICIT freed 104 objects / 14224 bytes in 50ms
10-23 11:48:51.264: I/Zygote(32): Preloading resources...
10-23 11:48:51.284: W/Zygote(32): Preloaded drawable resource #0x1080093 (res/drawable-hdpi/sym_def_app_icon.png) that varies with configuration!!
10-23 11:48:51.294: W/Zygote(32): Preloaded drawable resource #0x1080002 (res/drawable-hdpi/arrow_down_float.png) that varies with configuration!!
10-23 11:48:51.334: W/Zygote(32): Preloaded drawable resource #0x10800b3 (res/drawable/btn_check.xml) that varies with configuration!!
10-23 11:48:51.334: W/Zygote(32): Preloaded drawable resource #0x10800b6 (res/drawable-hdpi/btn_check_label_background.9.png) that varies with configuration!!
10-23 11:48:51.344: W/Zygote(32): Preloaded drawable resource #0x10800b7 (res/drawable-hdpi/btn_check_off.png) that varies with configuration!!
10-23 11:48:51.344: W/Zygote(32): Preloaded drawable resource #0x10800bc (res/drawable-hdpi/btn_check_on.png) that varies with configuration!!
10-23 11:48:51.364: W/Zygote(32): Preloaded drawable resource #0x1080004 (res/drawable/btn_default.xml) that varies with configuration!!
10-23 11:48:51.384: W/Zygote(32): Preloaded drawable resource #0x1080005 (res/drawable/btn_default_small.xml) that varies with configuration!!
10-23 11:48:51.404: W/Zygote(32): Preloaded drawable resource #0x1080006 (res/drawable/btn_dropdown.xml) that varies with configuration!!
10-23 11:48:51.424: W/Zygote(32): Preloaded drawable resource #0x1080008 (res/drawable/btn_plus.xml) that varies with configuration!!
10-23 11:48:51.444: W/Zygote(32): Preloaded drawable resource #0x1080007 (res/drawable/btn_minus.xml) that varies with configuration!!
10-23 11:48:51.474: W/Zygote(32): Preloaded drawable resource #0x1080009 (res/drawable/btn_radio.xml) that varies with configuration!!
10-23 11:48:51.514: W/Zygote(32): Preloaded drawable resource #0x108000a (res/drawable/btn_star.xml) that varies with configuration!!
10-23 11:48:51.564: D/dalvikvm(32): GC_EXPLICIT freed 421 objects / 25848 bytes in 50ms
10-23 11:48:51.574: W/Zygote(32): Preloaded drawable resource #0x1080131 (res/drawable/btn_toggle.xml) that varies with configuration!!
10-23 11:48:51.584: W/Zygote(32): Preloaded drawable resource #0x1080194 (res/drawable-hdpi/ic_emergency.png) that varies with configuration!!
10-23 11:48:51.584: W/Zygote(32): Preloaded drawable resource #0x1080012 (res/drawable-hdpi/divider_horizontal_bright.9.png) that varies with configuration!!
10-23 11:48:51.584: W/Zygote(32): Preloaded drawable resource #0x1080014 (res/drawable-hdpi/divider_horizontal_dark.9.png) that varies with configuration!!
10-23 11:48:51.615: W/Zygote(32): Preloaded drawable resource #0x1080016 (res/drawable/edit_text.xml) that varies with configuration!!
10-23 11:48:51.615: W/Zygote(32): Preloaded drawable resource #0x108016d (res/drawable/expander_group.xml) that varies with configuration!!
10-23 11:48:51.634: W/Zygote(32): Preloaded drawable resource #0x1080062 (res/drawable/list_selector_background.xml) that varies with configuration!!
10-23 11:48:51.644: W/Zygote(32): Preloaded drawable resource #0x1080227 (res/drawable-hdpi/menu_background.9.png) that varies with configuration!!
10-23 11:48:51.644: W/Zygote(32): Preloaded drawable resource #0x1080228 (res/drawable-hdpi/menu_background_fill_parent_width.9.png) that varies with configuration!!
10-23 11:48:51.664: W/Zygote(32): Preloaded drawable resource #0x1080229 (res/drawable/menu_selector.xml) that varies with configuration!!
10-23 11:48:51.664: W/Zygote(32): Preloaded drawable resource #0x1080234 (res/drawable-hdpi/panel_background.9.png) that varies with configuration!!
10-23 11:48:51.674: W/Zygote(32): Preloaded drawable resource #0x108023b (res/drawable-hdpi/popup_bottom_bright.9.png) that varies with configuration!!
10-23 11:48:51.674: W/Zygote(32): Preloaded drawable resource #0x108023c (res/drawable-hdpi/popup_bottom_dark.9.png) that varies with configuration!!
10-23 11:48:51.674: W/Zygote(32): Preloaded drawable resource #0x108023d (res/drawable-hdpi/popup_bottom_medium.9.png) that varies with configuration!!
10-23 11:48:51.684: W/Zygote(32): Preloaded drawable resource #0x108023e (res/drawable-hdpi/popup_center_bright.9.png) that varies with configuration!!
10-23 11:48:51.684: W/Zygote(32): Preloaded drawable resource #0x108023f (res/drawable-hdpi/popup_center_dark.9.png) that varies with configuration!!
10-23 11:48:51.684: W/Zygote(32): Preloaded drawable resource #0x1080242 (res/drawable-hdpi/popup_full_dark.9.png) that varies with configuration!!
10-23 11:48:51.694: W/Zygote(32): Preloaded drawable resource #0x1080245 (res/drawable-hdpi/popup_top_bright.9.png) that varies with configuration!!
10-23 11:48:51.694: W/Zygote(32): Preloaded drawable resource #0x1080246 (res/drawable-hdpi/popup_top_dark.9.png) that varies with configuration!!
10-23 11:48:51.714: W/Zygote(32): Preloaded drawable resource #0x108006d (res/drawable/progress_indeterminate_horizontal.xml) that varies with configuration!!
10-23 11:48:51.724: W/Zygote(32): Preloaded drawable resource #0x108024c (res/drawable/progress_small.xml) that varies with configuration!!
10-23 11:48:51.724: W/Zygote(32): Preloaded drawable resource #0x108024d (res/drawable/progress_small_titlebar.xml) that varies with configuration!!
10-23 11:48:51.734: W/Zygote(32): Preloaded drawable resource #0x1080270 (res/drawable-hdpi/scrollbar_handle_horizontal.9.png) that varies with configuration!!
10-23 11:48:51.734: W/Zygote(32): Preloaded drawable resource #0x1080271 (res/drawable-hdpi/scrollbar_handle_vertical.9.png) that varies with configuration!!
10-23 11:48:51.784: D/dalvikvm(32): GC_EXPLICIT freed 477 objects / 32640 bytes in 49ms
10-23 11:48:51.795: W/Zygote(32): Preloaded drawable resource #0x1080071 (res/drawable/spinner_dropdown_background.xml) that varies with configuration!!
10-23 11:48:51.804: W/Zygote(32): Preloaded drawable resource #0x1080354 (res/drawable-hdpi/title_bar_shadow.9.png) that varies with configuration!!
10-23 11:48:51.814: W/Zygote(32): Preloaded drawable resource #0x10801d6 (res/drawable-hdpi/indicator_code_lock_drag_direction_green_up.png) that varies with configuration!!
10-23 11:48:51.814: W/Zygote(32): Preloaded drawable resource #0x10801d7 (res/drawable-hdpi/indicator_code_lock_drag_direction_red_up.png) that varies with configuration!!
10-23 11:48:51.814: W/Zygote(32): Preloaded drawable resource #0x10801d8 (res/drawable-hdpi/indicator_code_lock_point_area_default.png) that varies with configuration!!
10-23 11:48:51.824: W/Zygote(32): Preloaded drawable resource #0x10801d9 (res/drawable-hdpi/indicator_code_lock_point_area_green.png) that varies with configuration!!
10-23 11:48:51.824: W/Zygote(32): Preloaded drawable resource #0x10801da (res/drawable-hdpi/indicator_code_lock_point_area_red.png) that varies with configuration!!
10-23 11:48:51.835: W/Zygote(32): Preloaded drawable resource #0x10801e8 (res/drawable-hdpi/jog_tab_bar_left_end_confirm_gray.9.png) that varies with configuration!!
10-23 11:48:51.835: W/Zygote(32): Preloaded drawable resource #0x10801ec (res/drawable-hdpi/jog_tab_bar_left_end_normal.9.png) that varies with configuration!!
10-23 11:48:51.835: W/Zygote(32): Preloaded drawable resource #0x10801ed (res/drawable-hdpi/jog_tab_bar_left_end_pressed.9.png) that varies with configuration!!
10-23 11:48:51.844: W/Zygote(32): Preloaded drawable resource #0x10801f1 (res/drawable-hdpi/jog_tab_bar_right_end_confirm_gray.9.png) that varies with configuration!!
10-23 11:48:51.844: W/Zygote(32): Preloaded drawable resource #0x10801f5 (res/drawable-hdpi/jog_tab_bar_right_end_normal.9.png) that varies with configuration!!
10-23 11:48:51.854: W/Zygote(32): Preloaded drawable resource #0x10801f6 (res/drawable-hdpi/jog_tab_bar_right_end_pressed.9.png) that varies with configuration!!
10-23 11:48:51.854: W/Zygote(32): Preloaded drawable resource #0x10801fb (res/drawable-hdpi/jog_tab_left_confirm_gray.png) that varies with configuration!!
10-23 11:48:51.864: W/Zygote(32): Preloaded drawable resource #0x1080200 (res/drawable-hdpi/jog_tab_left_normal.png) that varies with configuration!!
10-23 11:48:51.864: W/Zygote(32): Preloaded drawable resource #0x1080201 (res/drawable-hdpi/jog_tab_left_pressed.png) that varies with configuration!!
10-23 11:48:51.874: W/Zygote(32): Preloaded drawable resource #0x1080203 (res/drawable-hdpi/jog_tab_right_confirm_gray.png) that varies with configuration!!
10-23 11:48:51.874: W/Zygote(32): Preloaded drawable resource #0x1080209 (res/drawable-hdpi/jog_tab_right_normal.png) that varies with configuration!!
10-23 11:48:51.874: W/Zygote(32): Preloaded drawable resource #0x108020a (res/drawable-hdpi/jog_tab_right_pressed.png) that varies with configuration!!
10-23 11:48:51.885: W/Zygote(32): Preloaded drawable resource #0x108020d (res/drawable-hdpi/jog_tab_target_gray.png) that varies with configuration!!
10-23 11:48:51.885: I/Zygote(32): ...preloaded 61 resources in 618ms.
10-23 11:48:51.914: I/Zygote(32): ...preloaded 15 resources in 29ms.
10-23 11:48:51.984: D/dalvikvm(32): GC_EXPLICIT freed 503 objects / 37832 bytes in 76ms
10-23 11:48:52.094: D/dalvikvm(32): GC_EXPLICIT freed 150 objects / 5792 bytes in 94ms
10-23 11:48:52.156: D/dalvikvm(32): GC_EXPLICIT freed 2 objects / 48 bytes in 62ms
10-23 11:48:52.184: I/dalvikvm(32): System server process 58 has been created
10-23 11:48:52.184: I/Zygote(32): Accepting command socket connections
10-23 11:48:52.565: E/BatteryService(58): usbOnlinePath not found
10-23 11:48:52.565: E/BatteryService(58): batteryVoltagePath not found
10-23 11:48:52.565: E/BatteryService(58): batteryTemperaturePath not found
10-23 11:48:52.586: I/sysproc(58): Entered system_init()
10-23 11:48:52.586: I/sysproc(58): ServiceManager: 0x124120
10-23 11:48:52.586: I/SurfaceFlinger(58): SurfaceFlinger is starting
10-23 11:48:52.594: I/SurfaceFlinger(58): SurfaceFlinger's main thread ready to run. Initializing graphics H/W...
10-23 11:48:52.594: E/SurfaceFlinger(58): Couldn't open /sys/power/wait_for_fb_sleep or /sys/power/wait_for_fb_wake
10-23 11:48:52.694: I/gralloc(58): using (fd=24)
10-23 11:48:52.694: I/gralloc(58): id           = 
10-23 11:48:52.694: I/gralloc(58): xres         = 480 px
10-23 11:48:52.694: I/gralloc(58): yres         = 800 px
10-23 11:48:52.694: I/gralloc(58): xres_virtual = 480 px
10-23 11:48:52.694: I/gralloc(58): yres_virtual = 1600 px
10-23 11:48:52.694: I/gralloc(58): bpp          = 16
10-23 11:48:52.694: I/gralloc(58): r            = 11:5
10-23 11:48:52.694: I/gralloc(58): g            =  5:6
10-23 11:48:52.694: I/gralloc(58): b            =  0:5
10-23 11:48:52.694: I/gralloc(58): width        = 74 mm (164.756760 dpi)
10-23 11:48:52.694: I/gralloc(58): height       = 123 mm (165.203247 dpi)
10-23 11:48:52.694: I/gralloc(58): refresh rate = 60.00 Hz
10-23 11:48:52.704: D/libEGL(58): egl.cfg not found, using default config
10-23 11:48:52.714: D/libEGL(58): loaded /system/lib/egl/libGLES_android.so
10-23 11:48:52.734: I/SurfaceFlinger(58): EGL informations:
10-23 11:48:52.734: I/SurfaceFlinger(58): # of configs : 8
10-23 11:48:52.734: I/SurfaceFlinger(58): vendor    : Android
10-23 11:48:52.734: I/SurfaceFlinger(58): version   : 1.4 Android META-EGL
10-23 11:48:52.734: I/SurfaceFlinger(58): extensions: EGL_KHR_image EGL_KHR_image_base EGL_KHR_image_pixmap EGL_ANDROID_image_native_buffer EGL_ANDROID_swap_rectangle EGL_ANDROID_get_render_buffer 
10-23 11:48:52.734: I/SurfaceFlinger(58): Client API: OpenGL ES
10-23 11:48:52.734: I/SurfaceFlinger(58): EGLSurface: 5-6-5-0, config=0x1000000
10-23 11:48:52.734: I/SurfaceFlinger(58): flags     : 001c0000
10-23 11:48:52.734: I/SurfaceFlinger(58): OpenGL informations:
10-23 11:48:52.734: I/SurfaceFlinger(58): vendor    : Android
10-23 11:48:52.734: I/SurfaceFlinger(58): renderer  : Android PixelFlinger 1.3
10-23 11:48:52.734: I/SurfaceFlinger(58): version   : OpenGL ES-CM 1.0
10-23 11:48:52.734: I/SurfaceFlinger(58): extensions: GL_OES_byte_coordinates GL_OES_fixed_point GL_OES_single_precision GL_OES_read_format GL_OES_compressed_paletted_texture GL_OES_draw_texture GL_OES_matrix_get GL_OES_query_matrix GL_OES_EGL_image GL_OES_compressed_ETC1_RGB8_texture GL_ARB_texture_compression GL_ARB_texture_non_power_of_two GL_ANDROID_user_clip_plane GL_ANDROID_vertex_buffer_object GL_ANDROID_generate_mipmap 
10-23 11:48:52.734: I/SurfaceFlinger(58): GL_MAX_TEXTURE_SIZE = 4096
10-23 11:48:52.734: I/SurfaceFlinger(58): GL_MAX_VIEWPORT_DIMS = 4096
10-23 11:48:52.814: I/sysproc(58): System server: starting Android runtime.
10-23 11:48:52.814: I/sysproc(58): System server: starting Android services.
10-23 11:48:52.814: I/SystemServer(58): Entered the Android system server!
10-23 11:48:52.824: I/sysproc(58): System server: entering thread pool.
10-23 11:48:52.834: I/SystemServer(58): Entropy Service
10-23 11:48:52.904: I/SystemServer(58): Power Manager
10-23 11:48:52.954: I/SystemServer(58): Activity Manager
10-23 11:48:53.004: I/ActivityManager(58): Memory class: 32
10-23 11:48:53.144: D/libEGL(68): egl.cfg not found, using default config
10-23 11:48:53.164: D/libEGL(68): loaded /system/lib/egl/libGLES_android.so
10-23 11:48:53.224: W/zipro(68): Unable to open zip '/data/local/bootanimation.zip': No such file or directory
10-23 11:48:53.224: W/zipro(68): Unable to open zip '/system/media/bootanimation.zip': No such file or directory
10-23 11:48:53.444: I/ARMAssembler(58): generated scanline__00000077:03010104_00000004_00000000 [ 22 ipp] (41 ins) at [0x2302d0:0x230374] in 9617549 ns
10-23 11:48:53.544: I/ARMAssembler(68): generated scanline__00000077:03545404_00000A01_00000000 [ 30 ipp] (51 ins) at [0x1c020:0x1c0ec] in 5109414 ns
10-23 11:48:53.844: I/SystemServer(58): Telephony Registry
10-23 11:48:53.844: I/SystemServer(58): Package Manager
10-23 11:48:53.874: I/Installer(58): connecting...
10-23 11:48:53.874: I/installd(34): new connection
10-23 11:48:54.036: I/PackageManager(58): Libs: android.test.runner:/system/framework/android.test.runner.jar javax.obex:/system/framework/javax.obex.jar com.google.android.maps:/system/framework/com.google.android.maps.jar
10-23 11:48:54.036: I/PackageManager(58): Features: android.hardware.camera android.hardware.camera.autofocus
10-23 11:48:54.304: D/dalvikvm(58): GC_FOR_MALLOC freed 4703 objects / 214320 bytes in 117ms
10-23 11:48:55.984: W/PackageManager(58): Running ENG build: no pre-dexopt!
10-23 11:48:56.074: D/PackageManager(58): Scanning app dir /system/framework
10-23 11:48:56.428: D/dalvikvm(58): GC_FOR_MALLOC freed 8005 objects / 394200 bytes in 118ms
10-23 11:48:56.434: W/PackageManager(58): Permission com.android.browser.permission.READ_HISTORY_BOOKMARKS from package android ignored: original from com.android.browser
10-23 11:48:56.434: W/PackageManager(58): Permission com.android.browser.permission.WRITE_HISTORY_BOOKMARKS from package android ignored: original from com.android.browser
10-23 11:48:56.484: D/PackageManager(58): Scanning app dir /system/app
10-23 11:48:57.885: D/dalvikvm(58): GC_FOR_MALLOC freed 5402 objects / 282128 bytes in 109ms
10-23 11:48:59.540: D/dalvikvm(58): GC_FOR_MALLOC freed 6014 objects / 324648 bytes in 232ms
10-23 11:49:00.104: D/PackageManager(58): Scanning app dir /data/app
10-23 11:49:00.576: W/PackageParser(58): No actions in intent filter at /data/app/ApiDemos.apk Binary XML file line #1623
10-23 11:49:00.576: W/PackageParser(58): No actions in intent filter at /data/app/ApiDemos.apk Binary XML file line #1629
10-23 11:49:00.604: I/PackageParser(58): com.example.android.apis: compat added android.permission.WRITE_EXTERNAL_STORAGE android.permission.READ_PHONE_STATE
10-23 11:49:00.884: D/dalvikvm(58): GC_FOR_MALLOC freed 5199 objects / 286328 bytes in 166ms
10-23 11:49:00.906: I/PackageParser(58): com.example.android.softkeyboard: compat added android.permission.WRITE_EXTERNAL_STORAGE android.permission.READ_PHONE_STATE
10-23 11:49:01.225: D/PackageManager(58): Scanning app dir /data/app-private
10-23 11:49:01.225: I/PackageManager(58): Time to scan packages: 5.241 seconds
10-23 11:49:01.285: W/PackageManager(58): Not granting permission android.permission.SEND_DOWNLOAD_COMPLETED_INTENTS to package com.android.browser (protectionLevel=2 flags=0x1be45)
10-23 11:49:01.314: W/PackageManager(58): Unknown permission com.google.android.gm.permission.WRITE_GMAIL in package com.android.settings
10-23 11:49:01.314: W/PackageManager(58): Unknown permission com.google.android.gm.permission.READ_GMAIL in package com.android.settings
10-23 11:49:01.345: W/PackageManager(58): Unknown permission com.android.providers.im.permission.READ_ONLY in package com.google.android.apps.maps
10-23 11:49:01.345: W/PackageManager(58): Unknown permission com.google.android.pushmessaging.permission.RECEIVE in package com.google.android.apps.maps
10-23 11:49:01.834: D/dalvikvm(58): GC_EXPLICIT freed 4338 objects / 267200 bytes in 115ms
10-23 11:49:01.844: I/SystemServer(58): Account Manager
10-23 11:49:02.504: I/SystemServer(58): Content Manager
10-23 11:49:02.734: I/SystemServer(58): System Content Providers
10-23 11:49:02.734: I/ActivityThread(58): Publishing provider settings: com.android.providers.settings.SettingsProvider
10-23 11:49:03.004: I/SystemServer(58): Battery Service
10-23 11:49:03.034: I/SystemServer(58): Lights Service
10-23 11:49:03.075: I/SystemServer(58): Vibrator Service
10-23 11:49:03.095: D/qemud(37): fdhandler_accept_event: accepting on fd 10
10-23 11:49:03.095: D/qemud(37): created client 0x12f88 listening on fd 12
10-23 11:49:03.095: D/qemud(37): client_fd_receive: attempting registration for service 'hw-control'
10-23 11:49:03.095: D/qemud(37): client_fd_receive:    -> received channel id 3
10-23 11:49:03.104: D/qemud(37): client_registration: registration succeeded for client 3
10-23 11:49:03.264: I/SystemServer(58): Alarm Manager
10-23 11:49:03.274: I/SystemServer(58): Init Watchdog
10-23 11:49:03.284: I/SystemServer(58): Sensor Service
10-23 11:49:03.284: D/qemud(37): fdhandler_accept_event: accepting on fd 10
10-23 11:49:03.284: D/qemud(37): created client 0xc038 listening on fd 13
10-23 11:49:03.324: D/qemud(37): client_fd_receive: attempting registration for service 'sensors'
10-23 11:49:03.324: D/qemud(37): client_fd_receive:    -> received channel id 4
10-23 11:49:03.334: D/qemud(37): client_registration: registration succeeded for client 4
10-23 11:49:03.377: I/SystemServer(58): Window Manager
10-23 11:49:03.384: D/qemud(37): fdhandler_event: disconnect on fd 13
10-23 11:49:03.544: I/EventHub(58): New keyboard: device->id=0x10000 devname='qwerty2' propName='hw.keyboards.65536.devname' keylayout='/system/usr/keylayout/qwerty.kl'
10-23 11:49:03.544: I/EventHub(58): New device: path=/dev/input/event0 name=qwerty2 id=0x10000 (of 0x1) index=1 fd=52 classes=0xf
10-23 11:49:03.544: E/EventHub(58): could not get driver version for /dev/input/mouse0, Not a typewriter
10-23 11:49:03.544: E/EventHub(58): could not get driver version for /dev/input/mice, Not a typewriter
10-23 11:49:03.614: I/KeyInputQueue(58): Device added: id=0x0, name=qwerty2, classes=f
10-23 11:49:03.614: I/KeyInputQueue(58):   X: min=0 max=479 flat=0 fuzz=0
10-23 11:49:03.614: I/KeyInputQueue(58):   Y: min=0 max=799 flat=0 fuzz=0
10-23 11:49:03.624: I/KeyInputQueue(58):   Pressure: unknown values
10-23 11:49:03.624: I/KeyInputQueue(58):   Size: unknown values
10-23 11:49:03.624: I/KeyInputQueue(58): No virtual keys found
10-23 11:49:03.724: D/qemud(37): fdhandler_accept_event: accepting on fd 10
10-23 11:49:03.724: D/qemud(37): created client 0xc038 listening on fd 13
10-23 11:49:03.724: D/qemud(37): client_fd_receive: attempting registration for service 'sensors'
10-23 11:49:03.724: D/qemud(37): client_fd_receive:    -> received channel id 5
10-23 11:49:03.734: D/qemud(37): client_registration: registration succeeded for client 5
10-23 11:49:03.934: D/qemud(37): fdhandler_event: disconnect on fd 13
10-23 11:49:03.945: D/qemud(37): fdhandler_accept_event: accepting on fd 10
10-23 11:49:03.945: D/qemud(37): created client 0xc038 listening on fd 13
10-23 11:49:03.945: D/qemud(37): client_fd_receive: attempting registration for service 'sensors'
10-23 11:49:03.945: D/qemud(37): client_fd_receive:    -> received channel id 6
10-23 11:49:03.954: D/qemud(37): client_registration: registration succeeded for client 6
10-23 11:49:04.044: D/qemud(37): fdhandler_event: disconnect on fd 13
10-23 11:49:04.044: D/qemud(37): fdhandler_accept_event: accepting on fd 10
10-23 11:49:04.044: D/qemud(37): created client 0xc038 listening on fd 13
10-23 11:49:04.044: D/qemud(37): client_fd_receive: attempting registration for service 'sensors'
10-23 11:49:04.044: D/qemud(37): client_fd_receive:    -> received channel id 7
10-23 11:49:04.054: D/qemud(37): client_registration: registration succeeded for client 7
10-23 11:49:04.127: D/qemud(37): fdhandler_event: disconnect on fd 13
10-23 11:49:04.134: D/qemud(37): fdhandler_accept_event: accepting on fd 10
10-23 11:49:04.134: D/qemud(37): created client 0xc038 listening on fd 13
10-23 11:49:04.134: D/qemud(37): client_fd_receive: attempting registration for service 'sensors'
10-23 11:49:04.134: D/qemud(37): client_fd_receive:    -> received channel id 8
10-23 11:49:04.151: D/qemud(37): client_registration: registration succeeded for client 8
10-23 11:49:04.294: D/qemud(37): fdhandler_event: disconnect on fd 13
10-23 11:49:04.454: I/SystemServer(58): Registering null Bluetooth Service (emulator)
10-23 11:49:04.465: E/System(58): Failure starting core service
10-23 11:49:04.465: E/System(58): java.lang.SecurityException
10-23 11:49:04.465: E/System(58): 	at android.os.BinderProxy.transact(Native Method)
10-23 11:49:04.465: E/System(58): 	at android.os.ServiceManagerProxy.addService(ServiceManagerNative.java:146)
10-23 11:49:04.465: E/System(58): 	at android.os.ServiceManager.addService(ServiceManager.java:72)
10-23 11:49:04.465: E/System(58): 	at com.android.server.ServerThread.run(SystemServer.java:184)
10-23 11:49:04.465: I/SystemServer(58): Device Policy
10-23 11:49:04.484: I/SystemServer(58): Status Bar
10-23 11:49:04.774: I/SystemServer(58): Clipboard Service
10-23 11:49:04.818: I/SystemServer(58): Input Method Service
10-23 11:49:04.984: I/InputManagerService(58): Enabled input methods: com.android.inputmethod.latin/.LatinIME:com.example.android.softkeyboard/.SoftKeyboard:com.android.inputmethod.pinyin/.PinyinIME:jp.co.omronsoft.openwnn/.OpenWnnJAJP
10-23 11:49:04.984: I/SystemServer(58): NetStat Service
10-23 11:49:04.994: I/SystemServer(58): NetworkManagement Service
10-23 11:49:05.004: I/SystemServer(58): Connectivity Service
10-23 11:49:05.014: V/ConnectivityService(58): ConnectivityService starting up
10-23 11:49:05.164: D/ConnectivityService(58): getMobileDataEnabled returning true
10-23 11:49:05.174: V/ConnectivityService(58): Starting Wifi Service.
10-23 11:49:05.344: I/WifiService(58): WifiService starting up with Wi-Fi disabled
10-23 11:49:05.354: D/Tethering(58): Tethering starting
10-23 11:49:05.354: D/NetworkManagmentService(58): Registering observer
10-23 11:49:05.470: I/SystemServer(58): Throttle Service
10-23 11:49:05.598: I/SystemServer(58): Accessibility Manager
10-23 11:49:05.624: I/SystemServer(58): Mount Service
10-23 11:49:05.634: I/SystemServer(58): Notification Manager
10-23 11:49:05.734: I/SystemServer(58): Device Storage Monitor
10-23 11:49:05.764: D/VoldCmdListener(28): volume list
10-23 11:49:06.014: D/dalvikvm(58): GC_FOR_MALLOC freed 4440 objects / 262304 bytes in 138ms
10-23 11:49:06.014: I/SystemServer(58): Location Manager
10-23 11:49:06.014: I/SystemServer(58): Search Service
10-23 11:49:06.024: I/SystemServer(58): DropBox Service
10-23 11:49:06.034: W/MountService(58): Duplicate state transition (removed -> removed)
10-23 11:49:06.034: D/VoldCmdListener(28): share status ums
10-23 11:49:06.130: I/SystemServer(58): Wallpaper Service
10-23 11:49:06.231: I/SystemServer(58): Audio Service
10-23 11:49:06.574: D/AudioHardwareInterface(33): setMode(NORMAL)
10-23 11:49:06.574: W/AudioPolicyManagerBase(33): setPhoneState() setting same state 0
10-23 11:49:06.644: E/SoundPool(58): error loading /system/media/audio/ui/Effect_Tick.ogg
10-23 11:49:06.644: W/AudioService(58): Soundpool could not load file: /system/media/audio/ui/Effect_Tick.ogg
10-23 11:49:06.657: E/SoundPool(58): error loading /system/media/audio/ui/KeypressStandard.ogg
10-23 11:49:06.657: W/AudioService(58): Soundpool could not load file: /system/media/audio/ui/KeypressStandard.ogg
10-23 11:49:06.694: E/SoundPool(58): error loading /system/media/audio/ui/KeypressSpacebar.ogg
10-23 11:49:06.694: W/AudioService(58): Soundpool could not load file: /system/media/audio/ui/KeypressSpacebar.ogg
10-23 11:49:06.724: E/SoundPool(58): error loading /system/media/audio/ui/KeypressDelete.ogg
10-23 11:49:06.724: W/AudioService(58): Soundpool could not load file: /system/media/audio/ui/KeypressDelete.ogg
10-23 11:49:06.724: E/SoundPool(58): error loading /system/media/audio/ui/KeypressReturn.ogg
10-23 11:49:06.724: W/AudioService(58): Soundpool could not load file: /system/media/audio/ui/KeypressReturn.ogg
10-23 11:49:06.804: I/SystemServer(58): Headset Observer
10-23 11:49:06.854: W/HeadsetObserver(58): This kernel does not have wired headset support
10-23 11:49:06.854: I/SystemServer(58): Dock Observer
10-23 11:49:06.874: W/DockObserver(58): This kernel does not have dock station support
10-23 11:49:06.874: I/SystemServer(58): UI Mode Manager Service
10-23 11:49:06.905: I/SystemServer(58): Backup Service
10-23 11:49:06.974: V/BackupManagerService(58): No ancestral data
10-23 11:49:07.074: I/BackupManagerService(58): Found stale backup journal, scheduling:
10-23 11:49:07.084: I/BackupManagerService(58):     + com.android.inputmethod.latin
10-23 11:49:07.084: I/BackupManagerService(58):     + com.android.browser
10-23 11:49:07.084: I/BackupManagerService(58):     + com.android.providers.userdictionary
10-23 11:49:07.084: I/BackupManagerService(58):     + android
10-23 11:49:07.095: I/BackupManagerService(58):     + com.android.providers.settings
10-23 11:49:07.169: I/BackupManagerService(58): Backup enabled => false
10-23 11:49:07.174: I/SystemServer(58): AppWidget Service
10-23 11:49:07.184: I/SystemServer(58): Recognition Service
10-23 11:49:07.268: D/VoldCmdListener(28): share status ums
10-23 11:49:07.284: D/StorageNotification(58): Startup with UMS connection false (media state removed)
10-23 11:49:07.304: I/SystemServer(58): DiskStats Service
10-23 11:49:07.365: I/WindowManager(58): SAFE MODE not enabled
10-23 11:49:07.394: W/DevicePolicyManagerService(58): failed parsing /data/system/device_policies.xml java.io.FileNotFoundException: /data/system/device_policies.xml (No such file or directory)
10-23 11:49:07.534: I/ActivityManager(58): Config changed: { scale=1.0 imsi=0/0 loc=en_US touch=3 keys=2/1/2 nav=3/1 orien=1 layout=34 uiMode=0 seq=1}
10-23 11:49:07.615: D/PowerManagerService(58): system ready!
10-23 11:49:07.624: I/ActivityManager(58): Sending system update to: ComponentInfo{com.android.providers.contacts/com.android.providers.contacts.ContactsUpgradeReceiver}
10-23 11:49:07.634: I/Zygote(58): Process: zygote socket opened
10-23 11:49:07.775: W/StatusBar(58): No icon ID for slot ime
10-23 11:49:07.804: I/ActivityManager(58): Start proc android.process.acore for broadcast com.android.providers.contacts/.ContactsUpgradeReceiver: pid=108 uid=10003 gids={3003, 1015}
10-23 11:49:08.334: I/ActivityManager(58): Launching preboot mode app: ProcessRecord{461596d0 108:android.process.acore/10003}
10-23 11:49:09.054: D/qemud(37): fdhandler_accept_event: accepting on fd 10
10-23 11:49:09.054: D/qemud(37): created client 0xc038 listening on fd 13
10-23 11:49:09.054: D/qemud(37): client_fd_receive: attempting registration for service 'sensors'
10-23 11:49:09.054: D/qemud(37): client_fd_receive:    -> received channel id 9
10-23 11:49:09.064: D/qemud(37): client_registration: registration succeeded for client 9
10-23 11:49:09.094: I/ActivityManager(58): Removing system update proc: ProcessRecord{461596d0 108:android.process.acore/10003}
10-23 11:49:09.094: I/Process(58): Sending signal. PID: 108 SIG: 9
10-23 11:49:09.094: I/ActivityManager(58): System now ready
10-23 11:49:09.234: D/StatusBar(58): DISABLE_EXPAND: yes
10-23 11:49:09.374: I/SystemServer(58): Making services ready
10-23 11:49:09.374: I/ActivityManager(58): Config changed: { scale=1.0 imsi=0/0 loc=en_US touch=3 keys=2/1/2 nav=3/1 orien=1 layout=34 uiMode=17 seq=2}
10-23 11:49:09.384: W/RecognitionManagerService(58): no available voice recognition services found
10-23 11:49:09.974: D/dalvikvm(58): GC_FOR_MALLOC freed 4641 objects / 267512 bytes in 217ms
10-23 11:49:10.380: I/ActivityManager(58): Start proc com.android.inputmethod.latin for service com.android.inputmethod.latin/.LatinIME: pid=120 uid=10031 gids={}
10-23 11:49:10.455: D/libhardware_legacy(58): using QEMU GPS Hardware emulation
10-23 11:49:10.484: D/NetworkManagmentService(58): Registering observer
10-23 11:49:10.494: E/ThrottleService(58): Could not open GPS configuration file /etc/gps.conf
10-23 11:49:10.584: I/ActivityManager(58): Start proc com.android.phone for added application com.android.phone: pid=124 uid=1001 gids={3002, 3001, 3003, 1015}
10-23 11:49:10.714: I/ActivityManager(58): Starting activity: Intent { act=android.intent.action.MAIN cat=[android.intent.category.HOME] flg=0x10000000 cmp=com.android.launcher/com.android.launcher2.Launcher }
10-23 11:49:10.925: I/ActivityManager(58): Start proc com.android.launcher for activity com.android.launcher/com.android.launcher2.Launcher: pid=130 uid=10030 gids={}
10-23 11:49:11.184: I/ActivityManager(58): Start proc com.android.settings for broadcast com.android.settings/.widget.SettingsAppWidgetProvider: pid=133 uid=1000 gids={3003, 3002, 3001}
10-23 11:49:11.194: W/GpsLocationProvider(58): Could not open GPS configuration file /etc/gps.conf
10-23 11:49:11.704: E/logwrapper(142): executing /system/bin/tc failed: No such file or directory
10-23 11:49:11.704: I/logwrapper(29): /system/bin/tc terminated by exit(255)
10-23 11:49:11.784: E/logwrapper(143): executing /system/bin/tc failed: No such file or directory
10-23 11:49:11.874: I/logwrapper(29): /system/bin/tc terminated by exit(255)
10-23 11:49:11.874: E/logwrapper(146): executing /system/bin/tc failed: No such file or directory
10-23 11:49:11.965: I/logwrapper(29): /system/bin/tc terminated by exit(255)
10-23 11:49:12.164: W/ActivityManager(58): Unable to start service Intent { act=@0 }: not found
10-23 11:49:12.534: D/AndroidRuntime(117): >>>>>>>>>>>>>> AndroidRuntime START <<<<<<<<<<<<<<
10-23 11:49:12.574: D/AndroidRuntime(117): CheckJNI is ON
10-23 11:49:13.184: W/ActivityManager(58): Unable to start service Intent { act=@0 }: not found
10-23 11:49:13.954: D/qemud(37): fdhandler_accept_event: accepting on fd 10
10-23 11:49:13.954: D/qemud(37): created client 0xc088 listening on fd 14
10-23 11:49:13.954: D/qemud(37): client_fd_receive: attempting registration for service 'gps'
10-23 11:49:13.954: D/qemud(37): client_fd_receive:    -> received channel id 10
10-23 11:49:13.991: D/qemud(37): client_registration: registration succeeded for client 10
10-23 11:49:14.010: D/dalvikvm(58): GC_EXTERNAL_ALLOC freed 4087 objects / 251640 bytes in 513ms
10-23 11:49:14.134: I/ActivityThread(124): Publishing provider mms: com.android.providers.telephony.MmsProvider
10-23 11:49:14.224: I/ActivityThread(130): Publishing provider com.android.launcher2.settings: com.android.launcher2.LauncherProvider
10-23 11:49:14.444: D/AndroidRuntime(117): --- registering native functions ---
10-23 11:49:14.724: I/ActivityThread(124): Publishing provider sms: com.android.providers.telephony.SmsProvider
10-23 11:49:14.924: I/ActivityThread(124): Publishing provider telephony: com.android.providers.telephony.TelephonyProvider
10-23 11:49:15.054: I/ActivityThread(124): Publishing provider icc: com.android.phone.IccProvider
10-23 11:49:15.156: I/ActivityThread(124): Publishing provider mms-sms: com.android.providers.telephony.MmsSmsProvider
10-23 11:49:15.434: I/ActivityManager(58): Start proc android.process.acore for content provider com.android.providers.userdictionary/.UserDictionaryProvider: pid=159 uid=10003 gids={3003, 1015}
10-23 11:49:15.606: D/dalvikvm(130): GC_EXTERNAL_ALLOC freed 968 objects / 72616 bytes in 904ms
10-23 11:49:16.984: D/ConnectivityService(58): getMobileDataEnabled returning true
10-23 11:49:17.154: I/ActivityThread(159): Publishing provider com.android.social: com.android.providers.contacts.SocialProvider
10-23 11:49:17.544: I/ActivityThread(159): Publishing provider applications: com.android.providers.applications.ApplicationsProvider
10-23 11:49:17.744: D/PhoneApp(124): onCreate: mProximityWakeLock: null
10-23 11:49:17.894: W/ActivityManager(58): Unable to start service Intent { act=com.android.ussd.IExtendedNetworkService }: not found
10-23 11:49:18.064: D/PhoneApp(124): Resetting audio state/mode: IDLE
10-23 11:49:18.364: D/AlarmManagerService(58): Kernel timezone updated to 0 minutes west of GMT
10-23 11:49:18.514: D/SystemClock(124): Setting time of day to sec=1382528958
10-23 11:49:18.029: I/ActivityManager(58): Start proc com.google.process.gapps for broadcast com.google.android.gsf/.checkin.CheckinService$Receiver: pid=174 uid=10032 gids={2001, 3003, 1007}
10-23 11:49:18.029: W/SystemClock(124): Unable to set rtc to 1382528958: Invalid argument
10-23 11:49:18.438: I/ActivityThread(159): Publishing provider contacts;com.android.contacts: com.android.providers.contacts.ContactsProvider2
10-23 11:49:19.438: D/dalvikvm(58): GREF has increased to 201
10-23 11:49:19.728: D/MobileDataStateTracker(58): default Received state= DISCONNECTED, old= DISCONNECTED, reason= radioTurnedOff, apnTypeList= default
10-23 11:49:19.798: D/MobileDataStateTracker(58): default Received state= DISCONNECTED, old= DISCONNECTED, reason= gprsDetached, apnTypeList= default
10-23 11:49:19.868: I/WindowManager(58): Timeout waiting for wallpaper to offset: Window{46172828 com.android.internal.service.wallpaper.ImageWallpaper paused=false}
10-23 11:49:20.110: I/ActivityThread(174): Publishing provider com.google.settings: com.google.android.gsf.settings.GoogleSettingsProvider
10-23 11:49:21.238: I/ActivityThread(174): Publishing provider com.google.android.gsf.gservices: com.google.android.gsf.gservices.GservicesProvider
10-23 11:49:21.398: I/GservicesProvider(174): Gservices pushing to system: true; secure: true
10-23 11:49:21.448: I/ActivityThread(174): Publishing provider subscribedfeeds: com.google.android.gsf.subscribedfeeds.SubscribedFeedsProvider
10-23 11:49:21.968: D/dalvikvm(124): GC_FOR_MALLOC freed 3643 objects / 221064 bytes in 615ms
10-23 11:49:22.528: I/ActivityThread(174): Publishing provider com.google.android.providers.talk: com.google.android.gsf.talk.TalkProvider
10-23 11:49:22.572: W/ActivityManager(58): Activity idle timeout for HistoryRecord{46038fe8 com.android.launcher/com.android.launcher2.Launcher}
10-23 11:49:22.978: D/MobileDataStateTracker(58): default Received state= DISCONNECTED, old= DISCONNECTED, reason= (unspecified), apnTypeList= default
10-23 11:49:22.998: I/ActivityManager(58): Start proc com.android.defcontainer for service com.android.defcontainer/.DefaultContainerService: pid=188 uid=10033 gids={1015, 2001}
10-23 11:49:23.108: D/PowerManagerService(58): bootCompleted
10-23 11:49:23.299: D/MccTable(124): updateMccMncConfiguration: mcc=310, mnc=260
10-23 11:49:23.318: D/MccTable(124): locale set to en_us
10-23 11:49:23.318: D/MccTable(124): WIFI_NUM_ALLOWED_CHANNELS set to 11
10-23 11:49:23.448: I/WifiService(58): WifiService trying to setNumAllowed to 11 with persist set to true
10-23 11:49:23.478: I/ActivityManager(58): Config changed: { scale=1.0 imsi=310/260 loc=en_US touch=3 keys=2/1/2 nav=3/1 orien=1 layout=34 uiMode=17 seq=3}
10-23 11:49:23.658: I/UsageStats(58): Unexpected resume of com.android.launcher while already resumed in com.android.launcher
10-23 11:49:24.698: I/ActivityThread(159): Publishing provider call_log: com.android.providers.contacts.CallLogProvider
10-23 11:49:24.788: I/ActivityThread(159): Publishing provider user_dictionary: com.android.providers.userdictionary.UserDictionaryProvider
10-23 11:49:25.068: D/TelephonyProvider(124): Setting numeric '310260' to be the current operator
10-23 11:49:25.318: D/MobileDataStateTracker(58): default Received state= CONNECTING, old= DISCONNECTED, reason= simLoaded, apnTypeList= *
10-23 11:49:25.328: D/NetworkStateTracker(58): setDetailed state, old =IDLE and new state=CONNECTING
10-23 11:49:25.328: D/ConnectivityService(58): ConnectivityChange for mobile: CONNECTING/CONNECTING
10-23 11:49:25.538: D/MobileDataStateTracker(58): replacing old mInterfaceName (null) with /dev/omap_csmi_tty1 for hipri
10-23 11:49:25.658: D/MobileDataStateTracker(58): replacing old mInterfaceName (null) with /dev/omap_csmi_tty1 for supl
10-23 11:49:25.658: D/MobileDataStateTracker(58): replacing old mInterfaceName (null) with /dev/omap_csmi_tty1 for mms
10-23 11:49:25.668: D/MobileDataStateTracker(58): default Received state= CONNECTED, old= CONNECTING, reason= simLoaded, apnTypeList= *
10-23 11:49:25.668: D/NetworkStateTracker(58): setDetailed state, old =CONNECTING and new state=CONNECTED
10-23 11:49:25.678: D/ConnectivityService(58): ConnectivityChange for mobile: CONNECTED/CONNECTED
10-23 11:49:25.678: V/NetworkStateTracker(58): Setting TCP values: [4094,87380,110208,4096,16384,110208] which comes from [net.tcp.buffersize.umts]
10-23 11:49:26.128: D/dalvikvm(58): GC_FOR_MALLOC freed 8507 objects / 436088 bytes in 196ms
10-23 11:49:26.268: D/ConnectivityService(58): adding dns 10.0.2.3 for mobile
10-23 11:49:26.358: D/Tethering(58): Tethering got CONNECTIVITY_ACTION
10-23 11:49:26.358: D/Tethering(58): MasterInitialState.processMessage what=3
10-23 11:49:26.358: E/HierarchicalStateMachine(58): TetherMaster - unhandledMessage: msg.what=3
10-23 11:49:26.569: I/ActivityManager(58): Start proc com.android.alarmclock for broadcast com.android.alarmclock/.AlarmInitReceiver: pid=204 uid=10000 gids={}
10-23 11:49:26.899: D/dalvikvm(32): GC_EXPLICIT freed 267 objects / 10120 bytes in 311ms
10-23 11:49:27.070: D/SntpClient(58): request time failed: java.net.SocketException: Address family not supported by protocol
10-23 11:49:27.289: D/dalvikvm(32): GC_EXPLICIT freed 40 objects / 1752 bytes in 312ms
10-23 11:49:27.409: I/ActivityThread(204): Publishing provider com.android.alarmclock: com.android.alarmclock.AlarmProvider
10-23 11:49:27.619: D/dalvikvm(32): GC_EXPLICIT freed 2 objects / 48 bytes in 259ms
10-23 11:49:27.990: D/OtaStartupReceiver(124): Not a CDMA phone, no need to process OTA
10-23 11:49:28.099: I/ActivityManager(58): Start proc com.android.mms for broadcast com.android.mms/.transaction.MmsSystemEventReceiver: pid=214 uid=10015 gids={3003, 1015}
10-23 11:49:28.169: I/RecoverySystem(58): No recovery log file
10-23 11:49:28.469: I/SurfaceFlinger(58): Boot is finished (36496 ms)
10-23 11:49:28.579: I/ARMAssembler(58): generated scanline__00000177:03515104_00000001_00000000 [ 73 ipp] (95 ins) at [0x307e88:0x308004] in 1459204 ns
10-23 11:49:28.749: I/SearchManagerService(58): Building list of searchable activities
10-23 11:49:28.899: I/ActivityManager(58): Start proc android.process.media for content provider com.android.providers.downloads/.DownloadProvider: pid=220 uid=10004 gids={1015, 1006, 2001, 3003}
10-23 11:49:29.269: I/ActivityThread(214): Publishing provider com.android.mms.SuggestionsProvider: com.android.mms.SuggestionsProvider
10-23 11:49:29.619: I/ActivityThread(220): Publishing provider media: com.android.providers.media.MediaProvider
10-23 11:49:29.839: V/MediaProvider(220): Attached volume: internal
10-23 11:49:29.889: I/ActivityThread(220): Publishing provider downloads: com.android.providers.downloads.DownloadProvider
10-23 11:49:30.239: I/ActivityThread(220): Publishing provider drm: com.android.providers.drm.DrmProvider
10-23 11:49:30.389: I/EventLogService(174): Aggregate from 1382510035165 (log), 1382510035165 (data)
10-23 11:49:30.620: D/dalvikvm(58): GC_EXPLICIT freed 3281 objects / 172344 bytes in 140ms
10-23 11:49:30.839: I/ActivityManager(58): Start proc com.google.android.apps.maps:FriendService for broadcast com.google.android.apps.maps/com.google.googlenav.friend.android.ServiceReceiver: pid=240 uid=10027 gids={3003, 1015}
10-23 11:49:31.409: D/dalvikvm(188): GC_EXPLICIT freed 793 objects / 56408 bytes in 180ms
10-23 11:49:31.769: D/MediaScannerService(220): start scanning volume internal
10-23 11:49:32.069: I/ActivityManager(58): Starting activity: Intent { flg=0x10000000 cmp=com.google.android.gsf/.update.SystemUpdateInstallDialog }
10-23 11:49:32.179: I/GTalkService(174): [ServiceAutoStarter] --- received boot intent broadcast
10-23 11:49:32.259: I/ActivityManager(58): Start proc com.android.email for broadcast com.android.email/com.android.exchange.BootReceiver: pid=247 uid=10005 gids={3003, 1015}
10-23 11:49:32.929: I/ActivityThread(247): Publishing provider com.android.email.provider: com.android.email.provider.EmailProvider
10-23 11:49:33.029: I/ActivityThread(247): Publishing provider com.android.email.attachmentprovider: com.android.email.provider.AttachmentProvider
10-23 11:49:33.049: I/ActivityThread(247): Publishing provider com.android.exchange.provider: com.android.exchange.provider.ExchangeProvider
10-23 11:49:33.159: W/ActivityManager(58): Activity pause timeout for HistoryRecord{46006ca8 com.google.android.gsf/.update.SystemUpdateInstallDialog}
10-23 11:49:33.249: I/ActivityManager(58): Displayed activity com.android.launcher/com.android.launcher2.Launcher: 22962 ms (total 22962 ms)
10-23 11:49:33.389: D/Exchange(247): BootReceiver onReceive
10-23 11:49:33.499: D/EAS SyncManager(247): !!! EAS SyncManager, onCreate
10-23 11:49:33.709: W/dalvikvm(174): threadid=1: spin on suspend #1 threadid=10 (pcf=0)
10-23 11:49:33.929: I/ActivityManager(58): Start proc com.android.quicksearchbox for broadcast com.android.quicksearchbox/.SearchWidgetProvider: pid=257 uid=10024 gids={3003}
10-23 11:49:34.109: D/EAS SyncManager(247): !!! EAS SyncManager, onStartCommand
10-23 11:49:34.234: D/EAS SyncManager(247): !!! EAS SyncManager, stopping self
10-23 11:49:34.799: I/ActivityThread(257): Publishing provider com.android.quicksearchbox.google: com.android.quicksearchbox.google.GoogleSuggestionProvider
10-23 11:49:34.958: D/dalvikvm(58): GREF has increased to 301
10-23 11:49:34.958: D/dalvikvm(174): Temporarily moving tid 203 to fg (was 0)
10-23 11:49:35.057: D/dalvikvm(174): Temporarily raised priority on tid 203 (10 -> 0)
10-23 11:49:35.130: I/ActivityManager(58): Start proc com.android.protips for broadcast com.android.protips/.ProtipWidget: pid=267 uid=10025 gids={}
10-23 11:49:35.280: W/dalvikvm(174): threadid=1: spin on suspend resolved in 2608 msec
10-23 11:49:35.280: D/dalvikvm(174): Restored policy of 203 to 0
10-23 11:49:35.309: D/dalvikvm(174): Restored priority on 203 to 10
10-23 11:49:35.638: D/Eas Debug(247): Logging: 
10-23 11:49:35.648: D/EAS SyncManager(247): !!! EAS SyncManager, onDestroy
10-23 11:49:36.003: D/dalvikvm(174): GC_FOR_MALLOC freed 3742 objects / 281560 bytes in 3334ms
10-23 11:49:36.948: D/PackageParser(58): Scanning package: /data/app/vmdl63579.tmp
10-23 11:49:37.528: D/MediaScanner(220):  prescan time: 999ms
10-23 11:49:37.597: D/MediaScanner(220):     scan time: 4ms
10-23 11:49:37.598: D/MediaScanner(220): postscan time: 1ms
10-23 11:49:37.611: D/MediaScanner(220):    total time: 1004ms
10-23 11:49:38.228: D/dalvikvm(159): GC_FOR_MALLOC freed 3901 objects / 236928 bytes in 95ms
10-23 11:49:38.598: I/PackageManager(58): Removing non-system package:com.pogodaandek
10-23 11:49:38.848: D/dalvikvm(130): GC_EXTERNAL_ALLOC freed 3638 objects / 202360 bytes in 103ms
10-23 11:49:39.348: D/PackageManager(58): Scanning package com.pogodaandek
10-23 11:49:39.358: I/PackageManager(58): Package com.pogodaandek codePath changed from /data/app/com.pogodaandek-1.apk to /data/app/com.pogodaandek-2.apk; Retaining data and using new
10-23 11:49:39.389: I/PackageManager(58): /data/app/com.pogodaandek-2.apk changed; unpacking
10-23 11:49:39.438: D/installd(34): DexInv: --- BEGIN '/data/app/com.pogodaandek-2.apk' ---
10-23 11:49:42.088: D/dalvikvm(276): DexOpt: load 286ms, verify 1147ms, opt 57ms
10-23 11:49:42.188: D/installd(34): DexInv: --- END '/data/app/com.pogodaandek-2.apk' (success) ---
10-23 11:49:42.198: W/PackageManager(58): Code path for pkg : com.pogodaandek changing from /data/app/com.pogodaandek-1.apk to /data/app/com.pogodaandek-2.apk
