10-20 12:52:45.682: I/DEBUG(30): debuggerd: Jun 30 2010 14:39:19
10-20 12:52:45.782: I/Vold(28): Vold 2.1 (the revenge) firing up
10-20 12:52:45.842: I/Netd(29): Netd 1.0 starting
10-20 12:52:45.862: D/qemud(37): entering main loop
10-20 12:52:45.862: D/Vold(28): Volume sdcard state changing -1 (Initializing) -> 0 (No-Media)
10-20 12:52:46.222: W/Vold(28): No UMS switch available
10-20 12:52:46.322: D/qemud(37): fdhandler_accept_event: accepting on fd 10
10-20 12:52:46.322: D/qemud(37): created client 0xe078 listening on fd 8
10-20 12:52:46.322: D/qemud(37): client_fd_receive: attempting registration for service 'boot-properties'
10-20 12:52:46.322: D/qemud(37): client_fd_receive:    -> received channel id 1
10-20 12:52:46.333: D/qemud(37): client_registration: registration succeeded for client 1
10-20 12:52:46.333: I/qemu-props(50): connected to 'boot-properties' qemud service.
10-20 12:52:46.342: I/qemu-props(50): received: dalvik.vm.heapsize=32m
10-20 12:52:46.342: I/qemu-props(50): received: qemu.sf.lcd_density=240
10-20 12:52:46.342: I/qemu-props(50): received: qemu.hw.mainkeys=1
10-20 12:52:46.352: I/qemu-props(50): received: qemu.sf.fake_camera=none
10-20 12:52:46.352: I/qemu-props(50): received: 
10-20 12:52:46.352: I/qemu-props(50): invalid format, ignored.
10-20 12:52:47.012: D/qemud(37): fdhandler_accept_event: accepting on fd 10
10-20 12:52:47.012: D/qemud(37): created client 0x12f38 listening on fd 11
10-20 12:52:47.012: D/qemud(37): fdhandler_event: disconnect on fd 11
10-20 12:52:47.043: D/qemud(37): fdhandler_accept_event: accepting on fd 10
10-20 12:52:47.043: D/qemud(37): created client 0x12f38 listening on fd 11
10-20 12:52:47.043: D/qemud(37): client_fd_receive: attempting registration for service 'gsm'
10-20 12:52:47.043: D/qemud(37): client_fd_receive:    -> received channel id 2
10-20 12:52:47.052: D/qemud(37): client_registration: registration succeeded for client 2
10-20 12:52:47.142: D/AndroidRuntime(32): >>>>>>>>>>>>>> AndroidRuntime START <<<<<<<<<<<<<<
10-20 12:52:47.142: D/AndroidRuntime(32): CheckJNI is ON
10-20 12:52:47.852: I/(33): ServiceManager: 0xacd0
10-20 12:52:47.852: D/AudioHardwareInterface(33): setMode(NORMAL)
10-20 12:52:47.872: I/CameraService(33): CameraService started: pid=33
10-20 12:52:47.902: I/AudioFlinger(33): AudioFlinger's thread 0xb3f0 ready to run
10-20 12:52:47.942: D/AndroidRuntime(32): --- registering native functions ---
10-20 12:52:48.483: I/SamplingProfilerIntegration(32): Profiler is disabled.
10-20 12:52:48.542: I/Zygote(32): Preloading classes...
10-20 12:52:48.552: E/Zygote(32): setreuid() failed. errno: 2
10-20 12:52:48.562: D/dalvikvm(32): GC_EXPLICIT freed 821 objects / 47480 bytes in 13ms
10-20 12:52:48.912: D/dalvikvm(32): GC_EXPLICIT freed 219 objects / 13600 bytes in 5ms
10-20 12:52:49.012: D/dalvikvm(32): GC_EXPLICIT freed 253 objects / 14344 bytes in 7ms
10-20 12:52:49.102: D/dalvikvm(32): GC_EXPLICIT freed 466 objects / 28864 bytes in 8ms
10-20 12:52:49.512: D/dalvikvm(32): GC_EXPLICIT freed 2090 objects / 108328 bytes in 10ms
10-20 12:52:49.772: W/MediaProfiles(32): could not find media config xml file
10-20 12:52:49.802: D/dalvikvm(32): GC_EXPLICIT freed 279 objects / 15984 bytes in 9ms
10-20 12:52:50.244: D/dalvikvm(32): GC_FOR_MALLOC freed 5012 objects / 223152 bytes in 21ms
10-20 12:52:51.282: D/dalvikvm(32): GC_FOR_MALLOC freed 11282 objects / 381088 bytes in 31ms
10-20 12:52:51.682: D/dalvikvm(32): GC_FOR_MALLOC freed 9805 objects / 461888 bytes in 43ms
10-20 12:52:52.022: D/dalvikvm(32): GC_FOR_MALLOC freed 8694 objects / 422936 bytes in 32ms
10-20 12:52:52.572: D/dalvikvm(32): GC_FOR_MALLOC freed 7648 objects / 458560 bytes in 35ms
10-20 12:52:53.102: D/dalvikvm(32): GC_FOR_MALLOC freed 7537 objects / 458192 bytes in 36ms
10-20 12:52:53.613: D/dalvikvm(32): GC_FOR_MALLOC freed 7189 objects / 457624 bytes in 32ms
10-20 12:52:54.212: D/dalvikvm(32): GC_FOR_MALLOC freed 8598 objects / 513456 bytes in 35ms
10-20 12:52:54.302: D/dalvikvm(32): GC_EXPLICIT freed 453 objects / 39192 bytes in 27ms
10-20 12:52:54.512: D/dalvikvm(32): GC_EXPLICIT freed 594 objects / 29016 bytes in 44ms
10-20 12:52:54.632: D/dalvikvm(32): GC_EXPLICIT freed 449 objects / 25096 bytes in 29ms
10-20 12:52:54.903: D/dalvikvm(32): GC_EXPLICIT freed 308 objects / 35136 bytes in 39ms
10-20 12:52:55.042: D/dalvikvm(32): GC_EXPLICIT freed 279 objects / 18952 bytes in 38ms
10-20 12:52:55.432: D/dalvikvm(32): GC_EXPLICIT freed 341 objects / 18432 bytes in 43ms
10-20 12:52:55.662: D/dalvikvm(32): GC_EXPLICIT freed 449 objects / 28248 bytes in 39ms
10-20 12:52:57.383: D/dalvikvm(32): GC_EXPLICIT freed 530 objects / 53464 bytes in 50ms
10-20 12:52:57.483: D/dalvikvm(32): GC_EXPLICIT freed 623 objects / 34040 bytes in 44ms
10-20 12:52:57.614: D/dalvikvm(32): GC_EXPLICIT freed 861 objects / 46872 bytes in 50ms
10-20 12:52:57.813: D/dalvikvm(32): GC_EXPLICIT freed 1747 objects / 85520 bytes in 59ms
10-20 12:52:57.933: D/dalvikvm(32): GC_EXPLICIT freed 447 objects / 29400 bytes in 47ms
10-20 12:52:58.033: D/dalvikvm(32): GC_EXPLICIT freed 315 objects / 20192 bytes in 44ms
10-20 12:52:58.053: I/Zygote(32): ...preloaded 1265 classes in 9503ms.
10-20 12:52:58.053: E/Zygote(32): setreuid() failed. errno: 17
10-20 12:52:58.103: D/dalvikvm(32): GC_EXPLICIT freed 104 objects / 14224 bytes in 49ms
10-20 12:52:58.303: I/Zygote(32): Preloading resources...
10-20 12:52:58.323: W/Zygote(32): Preloaded drawable resource #0x1080093 (res/drawable-hdpi/sym_def_app_icon.png) that varies with configuration!!
10-20 12:52:58.323: W/Zygote(32): Preloaded drawable resource #0x1080002 (res/drawable-hdpi/arrow_down_float.png) that varies with configuration!!
10-20 12:52:58.383: W/Zygote(32): Preloaded drawable resource #0x10800b3 (res/drawable/btn_check.xml) that varies with configuration!!
10-20 12:52:58.393: W/Zygote(32): Preloaded drawable resource #0x10800b6 (res/drawable-hdpi/btn_check_label_background.9.png) that varies with configuration!!
10-20 12:52:58.393: W/Zygote(32): Preloaded drawable resource #0x10800b7 (res/drawable-hdpi/btn_check_off.png) that varies with configuration!!
10-20 12:52:58.393: W/Zygote(32): Preloaded drawable resource #0x10800bc (res/drawable-hdpi/btn_check_on.png) that varies with configuration!!
10-20 12:52:58.413: W/Zygote(32): Preloaded drawable resource #0x1080004 (res/drawable/btn_default.xml) that varies with configuration!!
10-20 12:52:58.442: W/Zygote(32): Preloaded drawable resource #0x1080005 (res/drawable/btn_default_small.xml) that varies with configuration!!
10-20 12:52:58.463: W/Zygote(32): Preloaded drawable resource #0x1080006 (res/drawable/btn_dropdown.xml) that varies with configuration!!
10-20 12:52:58.482: W/Zygote(32): Preloaded drawable resource #0x1080008 (res/drawable/btn_plus.xml) that varies with configuration!!
10-20 12:52:58.503: W/Zygote(32): Preloaded drawable resource #0x1080007 (res/drawable/btn_minus.xml) that varies with configuration!!
10-20 12:52:58.533: W/Zygote(32): Preloaded drawable resource #0x1080009 (res/drawable/btn_radio.xml) that varies with configuration!!
10-20 12:52:58.583: W/Zygote(32): Preloaded drawable resource #0x108000a (res/drawable/btn_star.xml) that varies with configuration!!
10-20 12:52:58.643: D/dalvikvm(32): GC_EXPLICIT freed 421 objects / 25848 bytes in 53ms
10-20 12:52:58.653: W/Zygote(32): Preloaded drawable resource #0x1080131 (res/drawable/btn_toggle.xml) that varies with configuration!!
10-20 12:52:58.665: W/Zygote(32): Preloaded drawable resource #0x1080194 (res/drawable-hdpi/ic_emergency.png) that varies with configuration!!
10-20 12:52:58.665: W/Zygote(32): Preloaded drawable resource #0x1080012 (res/drawable-hdpi/divider_horizontal_bright.9.png) that varies with configuration!!
10-20 12:52:58.673: W/Zygote(32): Preloaded drawable resource #0x1080014 (res/drawable-hdpi/divider_horizontal_dark.9.png) that varies with configuration!!
10-20 12:52:58.693: W/Zygote(32): Preloaded drawable resource #0x1080016 (res/drawable/edit_text.xml) that varies with configuration!!
10-20 12:52:58.703: W/Zygote(32): Preloaded drawable resource #0x108016d (res/drawable/expander_group.xml) that varies with configuration!!
10-20 12:52:58.722: W/Zygote(32): Preloaded drawable resource #0x1080062 (res/drawable/list_selector_background.xml) that varies with configuration!!
10-20 12:52:58.734: W/Zygote(32): Preloaded drawable resource #0x1080227 (res/drawable-hdpi/menu_background.9.png) that varies with configuration!!
10-20 12:52:58.734: W/Zygote(32): Preloaded drawable resource #0x1080228 (res/drawable-hdpi/menu_background_fill_parent_width.9.png) that varies with configuration!!
10-20 12:52:58.753: W/Zygote(32): Preloaded drawable resource #0x1080229 (res/drawable/menu_selector.xml) that varies with configuration!!
10-20 12:52:58.753: W/Zygote(32): Preloaded drawable resource #0x1080234 (res/drawable-hdpi/panel_background.9.png) that varies with configuration!!
10-20 12:52:58.763: W/Zygote(32): Preloaded drawable resource #0x108023b (res/drawable-hdpi/popup_bottom_bright.9.png) that varies with configuration!!
10-20 12:52:58.763: W/Zygote(32): Preloaded drawable resource #0x108023c (res/drawable-hdpi/popup_bottom_dark.9.png) that varies with configuration!!
10-20 12:52:58.773: W/Zygote(32): Preloaded drawable resource #0x108023d (res/drawable-hdpi/popup_bottom_medium.9.png) that varies with configuration!!
10-20 12:52:58.773: W/Zygote(32): Preloaded drawable resource #0x108023e (res/drawable-hdpi/popup_center_bright.9.png) that varies with configuration!!
10-20 12:52:58.783: W/Zygote(32): Preloaded drawable resource #0x108023f (res/drawable-hdpi/popup_center_dark.9.png) that varies with configuration!!
10-20 12:52:58.783: W/Zygote(32): Preloaded drawable resource #0x1080242 (res/drawable-hdpi/popup_full_dark.9.png) that varies with configuration!!
10-20 12:52:58.793: W/Zygote(32): Preloaded drawable resource #0x1080245 (res/drawable-hdpi/popup_top_bright.9.png) that varies with configuration!!
10-20 12:52:58.793: W/Zygote(32): Preloaded drawable resource #0x1080246 (res/drawable-hdpi/popup_top_dark.9.png) that varies with configuration!!
10-20 12:52:58.813: W/Zygote(32): Preloaded drawable resource #0x108006d (res/drawable/progress_indeterminate_horizontal.xml) that varies with configuration!!
10-20 12:52:58.823: W/Zygote(32): Preloaded drawable resource #0x108024c (res/drawable/progress_small.xml) that varies with configuration!!
10-20 12:52:58.823: W/Zygote(32): Preloaded drawable resource #0x108024d (res/drawable/progress_small_titlebar.xml) that varies with configuration!!
10-20 12:52:58.833: W/Zygote(32): Preloaded drawable resource #0x1080270 (res/drawable-hdpi/scrollbar_handle_horizontal.9.png) that varies with configuration!!
10-20 12:52:58.833: W/Zygote(32): Preloaded drawable resource #0x1080271 (res/drawable-hdpi/scrollbar_handle_vertical.9.png) that varies with configuration!!
10-20 12:52:58.883: D/dalvikvm(32): GC_EXPLICIT freed 477 objects / 32640 bytes in 47ms
10-20 12:52:58.903: W/Zygote(32): Preloaded drawable resource #0x1080071 (res/drawable/spinner_dropdown_background.xml) that varies with configuration!!
10-20 12:52:58.903: W/Zygote(32): Preloaded drawable resource #0x1080354 (res/drawable-hdpi/title_bar_shadow.9.png) that varies with configuration!!
10-20 12:52:58.913: W/Zygote(32): Preloaded drawable resource #0x10801d6 (res/drawable-hdpi/indicator_code_lock_drag_direction_green_up.png) that varies with configuration!!
10-20 12:52:58.913: W/Zygote(32): Preloaded drawable resource #0x10801d7 (res/drawable-hdpi/indicator_code_lock_drag_direction_red_up.png) that varies with configuration!!
10-20 12:52:58.924: W/Zygote(32): Preloaded drawable resource #0x10801d8 (res/drawable-hdpi/indicator_code_lock_point_area_default.png) that varies with configuration!!
10-20 12:52:58.924: W/Zygote(32): Preloaded drawable resource #0x10801d9 (res/drawable-hdpi/indicator_code_lock_point_area_green.png) that varies with configuration!!
10-20 12:52:58.924: W/Zygote(32): Preloaded drawable resource #0x10801da (res/drawable-hdpi/indicator_code_lock_point_area_red.png) that varies with configuration!!
10-20 12:52:58.933: W/Zygote(32): Preloaded drawable resource #0x10801e8 (res/drawable-hdpi/jog_tab_bar_left_end_confirm_gray.9.png) that varies with configuration!!
10-20 12:52:58.933: W/Zygote(32): Preloaded drawable resource #0x10801ec (res/drawable-hdpi/jog_tab_bar_left_end_normal.9.png) that varies with configuration!!
10-20 12:52:58.943: W/Zygote(32): Preloaded drawable resource #0x10801ed (res/drawable-hdpi/jog_tab_bar_left_end_pressed.9.png) that varies with configuration!!
10-20 12:52:58.943: W/Zygote(32): Preloaded drawable resource #0x10801f1 (res/drawable-hdpi/jog_tab_bar_right_end_confirm_gray.9.png) that varies with configuration!!
10-20 12:52:58.943: W/Zygote(32): Preloaded drawable resource #0x10801f5 (res/drawable-hdpi/jog_tab_bar_right_end_normal.9.png) that varies with configuration!!
10-20 12:52:58.953: W/Zygote(32): Preloaded drawable resource #0x10801f6 (res/drawable-hdpi/jog_tab_bar_right_end_pressed.9.png) that varies with configuration!!
10-20 12:52:58.953: W/Zygote(32): Preloaded drawable resource #0x10801fb (res/drawable-hdpi/jog_tab_left_confirm_gray.png) that varies with configuration!!
10-20 12:52:58.963: W/Zygote(32): Preloaded drawable resource #0x1080200 (res/drawable-hdpi/jog_tab_left_normal.png) that varies with configuration!!
10-20 12:52:58.963: W/Zygote(32): Preloaded drawable resource #0x1080201 (res/drawable-hdpi/jog_tab_left_pressed.png) that varies with configuration!!
10-20 12:52:58.973: W/Zygote(32): Preloaded drawable resource #0x1080203 (res/drawable-hdpi/jog_tab_right_confirm_gray.png) that varies with configuration!!
10-20 12:52:58.973: W/Zygote(32): Preloaded drawable resource #0x1080209 (res/drawable-hdpi/jog_tab_right_normal.png) that varies with configuration!!
10-20 12:52:58.983: W/Zygote(32): Preloaded drawable resource #0x108020a (res/drawable-hdpi/jog_tab_right_pressed.png) that varies with configuration!!
10-20 12:52:58.983: W/Zygote(32): Preloaded drawable resource #0x108020d (res/drawable-hdpi/jog_tab_target_gray.png) that varies with configuration!!
10-20 12:52:58.983: I/Zygote(32): ...preloaded 61 resources in 683ms.
10-20 12:52:59.003: I/Zygote(32): ...preloaded 15 resources in 24ms.
10-20 12:52:59.053: D/dalvikvm(32): GC_EXPLICIT freed 503 objects / 37832 bytes in 46ms
10-20 12:52:59.113: D/dalvikvm(32): GC_EXPLICIT freed 150 objects / 5792 bytes in 56ms
10-20 12:52:59.164: D/dalvikvm(32): GC_EXPLICIT freed 2 objects / 48 bytes in 46ms
10-20 12:52:59.183: I/dalvikvm(32): System server process 58 has been created
10-20 12:52:59.183: I/Zygote(32): Accepting command socket connections
10-20 12:52:59.533: E/BatteryService(58): usbOnlinePath not found
10-20 12:52:59.543: E/BatteryService(58): batteryVoltagePath not found
10-20 12:52:59.543: E/BatteryService(58): batteryTemperaturePath not found
10-20 12:52:59.553: I/sysproc(58): Entered system_init()
10-20 12:52:59.553: I/sysproc(58): ServiceManager: 0x117c80
10-20 12:52:59.553: I/SurfaceFlinger(58): SurfaceFlinger is starting
10-20 12:52:59.553: I/SurfaceFlinger(58): SurfaceFlinger's main thread ready to run. Initializing graphics H/W...
10-20 12:52:59.563: E/SurfaceFlinger(58): Couldn't open /sys/power/wait_for_fb_sleep or /sys/power/wait_for_fb_wake
10-20 12:52:59.653: I/gralloc(58): using (fd=24)
10-20 12:52:59.653: I/gralloc(58): id           = 
10-20 12:52:59.653: I/gralloc(58): xres         = 480 px
10-20 12:52:59.653: I/gralloc(58): yres         = 800 px
10-20 12:52:59.653: I/gralloc(58): xres_virtual = 480 px
10-20 12:52:59.653: I/gralloc(58): yres_virtual = 1600 px
10-20 12:52:59.653: I/gralloc(58): bpp          = 16
10-20 12:52:59.653: I/gralloc(58): r            = 11:5
10-20 12:52:59.653: I/gralloc(58): g            =  5:6
10-20 12:52:59.653: I/gralloc(58): b            =  0:5
10-20 12:52:59.653: I/gralloc(58): width        = 74 mm (164.756760 dpi)
10-20 12:52:59.653: I/gralloc(58): height       = 123 mm (165.203247 dpi)
10-20 12:52:59.653: I/gralloc(58): refresh rate = 60.00 Hz
10-20 12:52:59.673: D/libEGL(58): egl.cfg not found, using default config
10-20 12:52:59.673: D/libEGL(58): loaded /system/lib/egl/libGLES_android.so
10-20 12:52:59.693: I/SurfaceFlinger(58): EGL informations:
10-20 12:52:59.693: I/SurfaceFlinger(58): # of configs : 8
10-20 12:52:59.693: I/SurfaceFlinger(58): vendor    : Android
10-20 12:52:59.693: I/SurfaceFlinger(58): version   : 1.4 Android META-EGL
10-20 12:52:59.693: I/SurfaceFlinger(58): extensions: EGL_KHR_image EGL_KHR_image_base EGL_KHR_image_pixmap EGL_ANDROID_image_native_buffer EGL_ANDROID_swap_rectangle EGL_ANDROID_get_render_buffer 
10-20 12:52:59.693: I/SurfaceFlinger(58): Client API: OpenGL ES
10-20 12:52:59.693: I/SurfaceFlinger(58): EGLSurface: 5-6-5-0, config=0x1000000
10-20 12:52:59.693: I/SurfaceFlinger(58): flags     : 001c0000
10-20 12:52:59.704: I/SurfaceFlinger(58): OpenGL informations:
10-20 12:52:59.704: I/SurfaceFlinger(58): vendor    : Android
10-20 12:52:59.704: I/SurfaceFlinger(58): renderer  : Android PixelFlinger 1.3
10-20 12:52:59.704: I/SurfaceFlinger(58): version   : OpenGL ES-CM 1.0
10-20 12:52:59.704: I/SurfaceFlinger(58): extensions: GL_OES_byte_coordinates GL_OES_fixed_point GL_OES_single_precision GL_OES_read_format GL_OES_compressed_paletted_texture GL_OES_draw_texture GL_OES_matrix_get GL_OES_query_matrix GL_OES_EGL_image GL_OES_compressed_ETC1_RGB8_texture GL_ARB_texture_compression GL_ARB_texture_non_power_of_two GL_ANDROID_user_clip_plane GL_ANDROID_vertex_buffer_object GL_ANDROID_generate_mipmap 
10-20 12:52:59.704: I/SurfaceFlinger(58): GL_MAX_TEXTURE_SIZE = 4096
10-20 12:52:59.704: I/SurfaceFlinger(58): GL_MAX_VIEWPORT_DIMS = 4096
10-20 12:52:59.784: I/sysproc(58): System server: starting Android runtime.
10-20 12:52:59.784: I/sysproc(58): System server: starting Android services.
10-20 12:52:59.784: I/SystemServer(58): Entered the Android system server!
10-20 12:52:59.793: I/sysproc(58): System server: entering thread pool.
10-20 12:52:59.813: I/SystemServer(58): Entropy Service
10-20 12:52:59.893: I/SystemServer(58): Power Manager
10-20 12:52:59.922: I/SystemServer(58): Activity Manager
10-20 12:52:59.992: I/ActivityManager(58): Memory class: 32
10-20 12:53:00.193: D/libEGL(68): egl.cfg not found, using default config
10-20 12:53:00.193: D/libEGL(68): loaded /system/lib/egl/libGLES_android.so
10-20 12:53:00.232: W/zipro(68): Unable to open zip '/data/local/bootanimation.zip': No such file or directory
10-20 12:53:00.232: W/zipro(68): Unable to open zip '/system/media/bootanimation.zip': No such file or directory
10-20 12:53:00.263: W/UsageStats(58): Usage stats version changed; dropping
10-20 12:53:00.442: I/ARMAssembler(58): generated scanline__00000077:03010104_00000004_00000000 [ 22 ipp] (41 ins) at [0x237308:0x2373ac] in 7079964 ns
10-20 12:53:00.522: I/ARMAssembler(68): generated scanline__00000077:03545404_00000A01_00000000 [ 30 ipp] (51 ins) at [0x1c020:0x1c0ec] in 2955566 ns
10-20 12:53:00.762: I/SystemServer(58): Telephony Registry
10-20 12:53:00.762: I/SystemServer(58): Package Manager
10-20 12:53:00.803: I/Installer(58): connecting...
10-20 12:53:00.803: I/installd(34): new connection
10-20 12:53:00.932: I/PackageManager(58): Libs: android.test.runner:/system/framework/android.test.runner.jar javax.obex:/system/framework/javax.obex.jar com.google.android.maps:/system/framework/com.google.android.maps.jar
10-20 12:53:00.932: I/PackageManager(58): Features: android.hardware.camera android.hardware.camera.autofocus
10-20 12:53:01.182: D/dalvikvm(58): GC_FOR_MALLOC freed 4786 objects / 215592 bytes in 105ms
10-20 12:53:01.862: W/PackageManager(58): Running ENG build: no pre-dexopt!
10-20 12:53:01.942: D/PackageManager(58): Scanning app dir /system/framework
10-20 12:53:02.152: W/PackageManager(58): Permission com.android.browser.permission.READ_HISTORY_BOOKMARKS from package android ignored: original from com.android.browser
10-20 12:53:02.152: W/PackageManager(58): Permission com.android.browser.permission.WRITE_HISTORY_BOOKMARKS from package android ignored: original from com.android.browser
10-20 12:53:02.274: D/dalvikvm(58): GC_FOR_MALLOC freed 8003 objects / 396168 bytes in 109ms
10-20 12:53:02.282: D/PackageManager(58): Scanning app dir /system/app
10-20 12:53:03.772: D/dalvikvm(58): GC_FOR_MALLOC freed 5226 objects / 274904 bytes in 107ms
10-20 12:53:05.032: D/dalvikvm(58): GC_FOR_MALLOC freed 6070 objects / 326936 bytes in 118ms
10-20 12:53:05.442: D/PackageManager(58): Scanning app dir /data/app
10-20 12:53:06.052: D/dalvikvm(58): GC_FOR_MALLOC freed 5386 objects / 297160 bytes in 120ms
10-20 12:53:06.052: W/PackageParser(58): No actions in intent filter at /data/app/ApiDemos.apk Binary XML file line #1623
10-20 12:53:06.052: W/PackageParser(58): No actions in intent filter at /data/app/ApiDemos.apk Binary XML file line #1629
10-20 12:53:06.062: I/PackageParser(58): com.example.android.apis: compat added android.permission.WRITE_EXTERNAL_STORAGE android.permission.READ_PHONE_STATE
10-20 12:53:06.123: I/PackageParser(58): com.example.android.softkeyboard: compat added android.permission.WRITE_EXTERNAL_STORAGE android.permission.READ_PHONE_STATE
10-20 12:53:06.132: D/PackageManager(58): Scanning app dir /data/app-private
10-20 12:53:06.132: I/PackageManager(58): Time to scan packages: 4.269 seconds
10-20 12:53:06.152: W/PackageManager(58): Not granting permission android.permission.SEND_DOWNLOAD_COMPLETED_INTENTS to package com.android.browser (protectionLevel=2 flags=0x1be45)
10-20 12:53:06.162: W/PackageManager(58): Unknown permission com.google.android.gm.permission.WRITE_GMAIL in package com.android.settings
10-20 12:53:06.162: W/PackageManager(58): Unknown permission com.google.android.gm.permission.READ_GMAIL in package com.android.settings
10-20 12:53:06.182: W/PackageManager(58): Unknown permission com.android.providers.im.permission.READ_ONLY in package com.google.android.apps.maps
10-20 12:53:06.182: W/PackageManager(58): Unknown permission com.google.android.pushmessaging.permission.RECEIVE in package com.google.android.apps.maps
10-20 12:53:06.572: D/dalvikvm(58): GC_EXPLICIT freed 4237 objects / 261872 bytes in 123ms
10-20 12:53:06.592: I/SystemServer(58): Account Manager
10-20 12:53:06.744: I/SystemServer(58): Content Manager
10-20 12:53:06.862: I/SystemServer(58): System Content Providers
10-20 12:53:06.862: I/ActivityThread(58): Publishing provider settings: com.android.providers.settings.SettingsProvider
10-20 12:53:06.993: I/SystemServer(58): Battery Service
10-20 12:53:07.012: I/SystemServer(58): Lights Service
10-20 12:53:07.012: I/SystemServer(58): Vibrator Service
10-20 12:53:07.022: D/qemud(37): fdhandler_accept_event: accepting on fd 10
10-20 12:53:07.022: D/qemud(37): created client 0x12f88 listening on fd 12
10-20 12:53:07.035: D/qemud(37): client_fd_receive: attempting registration for service 'hw-control'
10-20 12:53:07.035: D/qemud(37): client_fd_receive:    -> received channel id 3
10-20 12:53:07.103: D/qemud(37): client_registration: registration succeeded for client 3
10-20 12:53:07.172: I/SystemServer(58): Alarm Manager
10-20 12:53:07.183: I/SystemServer(58): Init Watchdog
10-20 12:53:07.193: I/SystemServer(58): Sensor Service
10-20 12:53:07.193: D/qemud(37): fdhandler_accept_event: accepting on fd 10
10-20 12:53:07.202: D/qemud(37): created client 0xc038 listening on fd 13
10-20 12:53:07.202: D/qemud(37): client_fd_receive: attempting registration for service 'sensors'
10-20 12:53:07.202: D/qemud(37): client_fd_receive:    -> received channel id 4
10-20 12:53:07.272: D/qemud(37): client_registration: registration succeeded for client 4
10-20 12:53:07.347: D/qemud(37): fdhandler_event: disconnect on fd 13
10-20 12:53:07.347: I/SystemServer(58): Window Manager
10-20 12:53:07.392: I/EventHub(58): New keyboard: device->id=0x10000 devname='qwerty2' propName='hw.keyboards.65536.devname' keylayout='/system/usr/keylayout/qwerty.kl'
10-20 12:53:07.392: I/EventHub(58): New device: path=/dev/input/event0 name=qwerty2 id=0x10000 (of 0x1) index=1 fd=51 classes=0xf
10-20 12:53:07.392: E/EventHub(58): could not get driver version for /dev/input/mouse0, Not a typewriter
10-20 12:53:07.392: E/EventHub(58): could not get driver version for /dev/input/mice, Not a typewriter
10-20 12:53:07.392: I/KeyInputQueue(58): Device added: id=0x0, name=qwerty2, classes=f
10-20 12:53:07.402: I/KeyInputQueue(58):   X: min=0 max=479 flat=0 fuzz=0
10-20 12:53:07.402: I/KeyInputQueue(58):   Y: min=0 max=799 flat=0 fuzz=0
10-20 12:53:07.402: I/KeyInputQueue(58):   Pressure: unknown values
10-20 12:53:07.402: I/KeyInputQueue(58):   Size: unknown values
10-20 12:53:07.402: I/KeyInputQueue(58): No virtual keys found
10-20 12:53:07.422: D/qemud(37): fdhandler_accept_event: accepting on fd 10
10-20 12:53:07.422: D/qemud(37): created client 0xc038 listening on fd 13
10-20 12:53:07.422: D/qemud(37): client_fd_receive: attempting registration for service 'sensors'
10-20 12:53:07.422: D/qemud(37): client_fd_receive:    -> received channel id 5
10-20 12:53:07.502: D/qemud(37): client_registration: registration succeeded for client 5
10-20 12:53:07.575: D/qemud(37): fdhandler_event: disconnect on fd 13
10-20 12:53:07.575: D/qemud(37): fdhandler_accept_event: accepting on fd 10
10-20 12:53:07.575: D/qemud(37): created client 0xc038 listening on fd 13
10-20 12:53:07.575: D/qemud(37): client_fd_receive: attempting registration for service 'sensors'
10-20 12:53:07.575: D/qemud(37): client_fd_receive:    -> received channel id 6
10-20 12:53:07.582: D/qemud(37): client_registration: registration succeeded for client 6
10-20 12:53:07.652: D/qemud(37): fdhandler_event: disconnect on fd 13
10-20 12:53:07.652: D/qemud(37): fdhandler_accept_event: accepting on fd 10
10-20 12:53:07.662: D/qemud(37): created client 0xc038 listening on fd 13
10-20 12:53:07.662: D/qemud(37): client_fd_receive: attempting registration for service 'sensors'
10-20 12:53:07.662: D/qemud(37): client_fd_receive:    -> received channel id 7
10-20 12:53:07.731: D/qemud(37): client_registration: registration succeeded for client 7
10-20 12:53:07.802: D/qemud(37): fdhandler_event: disconnect on fd 13
10-20 12:53:07.802: D/qemud(37): fdhandler_accept_event: accepting on fd 10
10-20 12:53:07.802: D/qemud(37): created client 0xc038 listening on fd 13
10-20 12:53:07.812: D/qemud(37): client_fd_receive: attempting registration for service 'sensors'
10-20 12:53:07.812: D/qemud(37): client_fd_receive:    -> received channel id 8
10-20 12:53:07.880: D/qemud(37): client_registration: registration succeeded for client 8
10-20 12:53:07.952: D/qemud(37): fdhandler_event: disconnect on fd 13
10-20 12:53:08.072: I/SystemServer(58): Registering null Bluetooth Service (emulator)
10-20 12:53:08.082: E/System(58): Failure starting core service
10-20 12:53:08.082: E/System(58): java.lang.SecurityException
10-20 12:53:08.082: E/System(58): 	at android.os.BinderProxy.transact(Native Method)
10-20 12:53:08.082: E/System(58): 	at android.os.ServiceManagerProxy.addService(ServiceManagerNative.java:146)
10-20 12:53:08.082: E/System(58): 	at android.os.ServiceManager.addService(ServiceManager.java:72)
10-20 12:53:08.082: E/System(58): 	at com.android.server.ServerThread.run(SystemServer.java:184)
10-20 12:53:08.082: I/SystemServer(58): Device Policy
10-20 12:53:08.093: I/SystemServer(58): Status Bar
10-20 12:53:08.352: I/SystemServer(58): Clipboard Service
10-20 12:53:08.352: I/SystemServer(58): Input Method Service
10-20 12:53:08.434: I/InputManagerService(58): Enabled input methods: com.android.inputmethod.latin/.LatinIME:com.example.android.softkeyboard/.SoftKeyboard:com.android.inputmethod.pinyin/.PinyinIME:jp.co.omronsoft.openwnn/.OpenWnnJAJP
10-20 12:53:08.453: I/SystemServer(58): NetStat Service
10-20 12:53:08.473: I/SystemServer(58): NetworkManagement Service
10-20 12:53:08.482: I/SystemServer(58): Connectivity Service
10-20 12:53:08.492: V/ConnectivityService(58): ConnectivityService starting up
10-20 12:53:08.522: D/ConnectivityService(58): getMobileDataEnabled returning true
10-20 12:53:08.552: V/ConnectivityService(58): Starting Wifi Service.
10-20 12:53:08.642: I/WifiService(58): WifiService starting up with Wi-Fi disabled
10-20 12:53:08.652: D/Tethering(58): Tethering starting
10-20 12:53:08.675: D/NetworkManagmentService(58): Registering observer
10-20 12:53:08.702: I/SystemServer(58): Throttle Service
10-20 12:53:08.712: I/SystemServer(58): Accessibility Manager
10-20 12:53:08.722: I/SystemServer(58): Mount Service
10-20 12:53:08.732: I/SystemServer(58): Notification Manager
10-20 12:53:08.763: D/VoldCmdListener(28): volume list
10-20 12:53:08.782: I/SystemServer(58): Device Storage Monitor
10-20 12:53:08.822: I/SystemServer(58): Location Manager
10-20 12:53:08.832: W/MountService(58): Duplicate state transition (removed -> removed)
10-20 12:53:08.832: D/VoldCmdListener(28): share status ums
10-20 12:53:08.842: I/SystemServer(58): Search Service
10-20 12:53:08.842: I/SystemServer(58): DropBox Service
10-20 12:53:08.853: I/SystemServer(58): Wallpaper Service
10-20 12:53:08.952: I/SystemServer(58): Audio Service
10-20 12:53:09.284: D/dalvikvm(58): GC_FOR_MALLOC freed 4113 objects / 244984 bytes in 322ms
10-20 12:53:09.654: D/AudioHardwareInterface(33): setMode(NORMAL)
10-20 12:53:09.654: W/AudioPolicyManagerBase(33): setPhoneState() setting same state 0
10-20 12:53:09.692: E/SoundPool(58): error loading /system/media/audio/ui/Effect_Tick.ogg
10-20 12:53:09.692: W/AudioService(58): Soundpool could not load file: /system/media/audio/ui/Effect_Tick.ogg
10-20 12:53:09.704: E/SoundPool(58): error loading /system/media/audio/ui/KeypressStandard.ogg
10-20 12:53:09.704: W/AudioService(58): Soundpool could not load file: /system/media/audio/ui/KeypressStandard.ogg
10-20 12:53:09.704: E/SoundPool(58): error loading /system/media/audio/ui/KeypressSpacebar.ogg
10-20 12:53:09.704: W/AudioService(58): Soundpool could not load file: /system/media/audio/ui/KeypressSpacebar.ogg
10-20 12:53:09.704: E/SoundPool(58): error loading /system/media/audio/ui/KeypressDelete.ogg
10-20 12:53:09.704: W/AudioService(58): Soundpool could not load file: /system/media/audio/ui/KeypressDelete.ogg
10-20 12:53:09.712: E/SoundPool(58): error loading /system/media/audio/ui/KeypressReturn.ogg
10-20 12:53:09.712: W/AudioService(58): Soundpool could not load file: /system/media/audio/ui/KeypressReturn.ogg
10-20 12:53:09.722: I/SystemServer(58): Headset Observer
10-20 12:53:09.722: W/HeadsetObserver(58): This kernel does not have wired headset support
10-20 12:53:09.722: I/SystemServer(58): Dock Observer
10-20 12:53:09.722: W/DockObserver(58): This kernel does not have dock station support
10-20 12:53:09.722: I/SystemServer(58): UI Mode Manager Service
10-20 12:53:09.752: I/SystemServer(58): Backup Service
10-20 12:53:09.782: V/BackupManagerService(58): No ancestral data
10-20 12:53:09.822: I/BackupManagerService(58): Found stale backup journal, scheduling:
10-20 12:53:09.822: I/BackupManagerService(58):     + com.android.inputmethod.latin
10-20 12:53:09.822: I/BackupManagerService(58):     + com.android.browser
10-20 12:53:09.832: I/BackupManagerService(58):     + com.android.providers.userdictionary
10-20 12:53:09.832: I/BackupManagerService(58):     + android
10-20 12:53:09.832: I/BackupManagerService(58):     + com.android.providers.settings
10-20 12:53:09.843: I/BackupManagerService(58): Backup enabled => false
10-20 12:53:09.843: I/SystemServer(58): AppWidget Service
10-20 12:53:09.843: I/SystemServer(58): Recognition Service
10-20 12:53:09.892: D/VoldCmdListener(28): share status ums
10-20 12:53:09.903: D/StorageNotification(58): Startup with UMS connection false (media state removed)
10-20 12:53:09.932: I/SystemServer(58): DiskStats Service
10-20 12:53:09.952: I/WindowManager(58): SAFE MODE not enabled
10-20 12:53:09.952: W/DevicePolicyManagerService(58): failed parsing /data/system/device_policies.xml java.io.FileNotFoundException: /data/system/device_policies.xml (No such file or directory)
10-20 12:53:10.012: I/ActivityManager(58): Config changed: { scale=1.0 imsi=0/0 loc=en_US touch=3 keys=2/1/2 nav=3/1 orien=1 layout=34 uiMode=0 seq=1}
10-20 12:53:10.123: D/PowerManagerService(58): system ready!
10-20 12:53:10.132: I/ActivityManager(58): Sending system update to: ComponentInfo{com.android.providers.contacts/com.android.providers.contacts.ContactsUpgradeReceiver}
10-20 12:53:10.152: I/Zygote(58): Process: zygote socket opened
10-20 12:53:10.192: W/StatusBar(58): No icon ID for slot ime
10-20 12:53:10.212: I/ActivityManager(58): Start proc android.process.acore for broadcast com.android.providers.contacts/.ContactsUpgradeReceiver: pid=107 uid=10003 gids={3003, 1015}
10-20 12:53:11.234: I/ActivityManager(58): Launching preboot mode app: ProcessRecord{4612e148 107:android.process.acore/10003}
10-20 12:53:11.792: D/qemud(37): fdhandler_accept_event: accepting on fd 10
10-20 12:53:11.792: D/qemud(37): created client 0xc038 listening on fd 13
10-20 12:53:11.802: D/qemud(37): client_fd_receive: attempting registration for service 'sensors'
10-20 12:53:11.802: D/qemud(37): client_fd_receive:    -> received channel id 9
10-20 12:53:11.812: D/qemud(37): client_registration: registration succeeded for client 9
10-20 12:53:11.942: I/ActivityManager(58): Starting activity: Intent { act=android.intent.action.MAIN cat=[android.intent.category.HOME] flg=0x10000000 cmp=com.android.launcher/com.android.launcher2.Launcher }
10-20 12:53:12.033: I/ActivityManager(58): Removing system update proc: ProcessRecord{4612e148 107:android.process.acore/10003}
10-20 12:53:12.033: I/Process(58): Sending signal. PID: 107 SIG: 9
10-20 12:53:12.033: I/ActivityManager(58): System now ready
10-20 12:53:12.062: I/SystemServer(58): Making services ready
10-20 12:53:12.114: I/ActivityManager(58): Config changed: { scale=1.0 imsi=0/0 loc=en_US touch=3 keys=2/1/2 nav=3/1 orien=1 layout=34 uiMode=17 seq=2}
10-20 12:53:12.137: W/RecognitionManagerService(58): no available voice recognition services found
10-20 12:53:12.392: D/StatusBar(58): DISABLE_EXPAND: yes
10-20 12:53:12.772: I/ActivityManager(58): Start proc com.android.inputmethod.latin for service com.android.inputmethod.latin/.LatinIME: pid=119 uid=10031 gids={}
10-20 12:53:12.803: D/libhardware_legacy(58): using QEMU GPS Hardware emulation
10-20 12:53:12.813: D/NetworkManagmentService(58): Registering observer
10-20 12:53:12.843: E/ThrottleService(58): Could not open GPS configuration file /etc/gps.conf
10-20 12:53:12.923: I/ActivityManager(58): Start proc com.android.phone for added application com.android.phone: pid=123 uid=1001 gids={3002, 3001, 3003, 1015}
10-20 12:53:13.083: I/ActivityManager(58): Start proc com.android.launcher for activity com.android.launcher/com.android.launcher2.Launcher: pid=125 uid=10030 gids={}
10-20 12:53:13.942: D/dalvikvm(58): GC_FOR_MALLOC freed 5576 objects / 317176 bytes in 850ms
10-20 12:53:14.002: I/ActivityManager(58): Start proc com.android.settings for broadcast com.android.settings/.widget.SettingsAppWidgetProvider: pid=141 uid=1000 gids={3003, 3002, 3001}
10-20 12:53:14.012: W/GpsLocationProvider(58): Could not open GPS configuration file /etc/gps.conf
10-20 12:53:14.833: W/ActivityManager(58): Unable to start service Intent { act=@0 }: not found
10-20 12:53:14.833: W/ActivityManager(58): Unable to start service Intent { act=@0 }: not found
10-20 12:53:15.253: D/qemud(37): fdhandler_accept_event: accepting on fd 10
10-20 12:53:15.253: D/qemud(37): created client 0xc088 listening on fd 14
10-20 12:53:15.343: E/logwrapper(148): executing /system/bin/tc failed: No such file or directory
10-20 12:53:15.373: I/logwrapper(29): /system/bin/tc terminated by exit(255)
10-20 12:53:15.433: E/logwrapper(149): executing /system/bin/tc failed: No such file or directory
10-20 12:53:15.433: D/qemud(37): client_fd_receive: attempting registration for service 'gps'
10-20 12:53:15.433: D/qemud(37): client_fd_receive:    -> received channel id 10
10-20 12:53:15.444: D/qemud(37): client_registration: registration succeeded for client 10
10-20 12:53:15.463: I/logwrapper(29): /system/bin/tc terminated by exit(255)
10-20 12:53:15.523: E/logwrapper(150): executing /system/bin/tc failed: No such file or directory
10-20 12:53:15.583: I/logwrapper(29): /system/bin/tc terminated by exit(255)
10-20 12:53:15.773: I/ActivityThread(125): Publishing provider com.android.launcher2.settings: com.android.launcher2.LauncherProvider
10-20 12:53:16.014: D/AndroidRuntime(118): >>>>>>>>>>>>>> AndroidRuntime START <<<<<<<<<<<<<<
10-20 12:53:16.103: D/AndroidRuntime(118): CheckJNI is ON
10-20 12:53:16.842: D/dalvikvm(125): GC_EXTERNAL_ALLOC freed 968 objects / 72616 bytes in 770ms
10-20 12:53:17.073: I/ActivityThread(123): Publishing provider mms: com.android.providers.telephony.MmsProvider
10-20 12:53:17.463: I/ActivityThread(123): Publishing provider sms: com.android.providers.telephony.SmsProvider
10-20 12:53:17.623: I/ActivityThread(123): Publishing provider telephony: com.android.providers.telephony.TelephonyProvider
10-20 12:53:18.099: I/ActivityThread(123): Publishing provider icc: com.android.phone.IccProvider
10-20 12:53:18.154: I/ActivityManager(58): Start proc android.process.acore for content provider com.android.providers.contacts/.ContactsProvider2: pid=158 uid=10003 gids={3003, 1015}
10-20 12:53:18.222: I/ActivityThread(123): Publishing provider mms-sms: com.android.providers.telephony.MmsSmsProvider
10-20 12:53:18.222: D/AndroidRuntime(118): --- registering native functions ---
10-20 12:53:19.462: D/dalvikvm(58): GC_EXTERNAL_ALLOC freed 4407 objects / 254224 bytes in 429ms
10-20 12:53:19.872: I/ActivityThread(158): Publishing provider com.android.social: com.android.providers.contacts.SocialProvider
10-20 12:53:20.192: I/ActivityThread(158): Publishing provider applications: com.android.providers.applications.ApplicationsProvider
10-20 12:53:21.003: D/ConnectivityService(58): getMobileDataEnabled returning true
10-20 12:53:21.143: I/ActivityThread(158): Publishing provider contacts;com.android.contacts: com.android.providers.contacts.ContactsProvider2
10-20 12:53:21.593: D/PhoneApp(123): onCreate: mProximityWakeLock: null
10-20 12:53:21.712: W/ActivityManager(58): Unable to start service Intent { act=com.android.ussd.IExtendedNetworkService }: not found
10-20 12:53:21.882: D/PhoneApp(123): Resetting audio state/mode: IDLE
10-20 12:53:22.362: D/AlarmManagerService(58): Kernel timezone updated to 0 minutes west of GMT
10-20 12:53:22.402: D/SystemClock(123): Setting time of day to sec=1382273601
10-20 12:53:21.996: W/SystemClock(123): Unable to set rtc to 1382273601: Invalid argument
10-20 12:53:22.057: I/ActivityManager(58): Start proc com.google.process.gapps for broadcast com.google.android.gsf/.checkin.CheckinService$Receiver: pid=175 uid=10032 gids={2001, 3003, 1007}
10-20 12:53:22.456: D/MobileDataStateTracker(58): default Received state= DISCONNECTED, old= DISCONNECTED, reason= radioTurnedOff, apnTypeList= default
10-20 12:53:22.566: D/MobileDataStateTracker(58): default Received state= DISCONNECTED, old= DISCONNECTED, reason= gprsDetached, apnTypeList= default
10-20 12:53:23.808: D/dalvikvm(58): GREF has increased to 201
10-20 12:53:23.897: W/ActivityManager(58): Activity idle timeout for HistoryRecord{461819a8 com.android.launcher/com.android.launcher2.Launcher}
10-20 12:53:24.257: I/WindowManager(58): Timeout waiting for wallpaper to offset: Window{46188380 com.android.internal.service.wallpaper.ImageWallpaper paused=false}
10-20 12:53:24.426: D/PowerManagerService(58): bootCompleted
10-20 12:53:24.746: D/dalvikvm(123): GC_FOR_MALLOC freed 3647 objects / 221168 bytes in 1198ms
10-20 12:53:24.916: I/ActivityThread(175): Publishing provider com.google.settings: com.google.android.gsf.settings.GoogleSettingsProvider
10-20 12:53:25.897: D/MobileDataStateTracker(58): default Received state= DISCONNECTED, old= DISCONNECTED, reason= (unspecified), apnTypeList= default
10-20 12:53:25.949: I/ActivityThread(175): Publishing provider com.google.android.gsf.gservices: com.google.android.gsf.gservices.GservicesProvider
10-20 12:53:26.058: I/GservicesProvider(175): Gservices pushing to system: true; secure: true
10-20 12:53:26.058: I/ActivityThread(175): Publishing provider subscribedfeeds: com.google.android.gsf.subscribedfeeds.SubscribedFeedsProvider
10-20 12:53:26.216: D/MccTable(123): updateMccMncConfiguration: mcc=310, mnc=260
10-20 12:53:26.216: D/MccTable(123): locale set to en_us
10-20 12:53:26.226: D/MccTable(123): WIFI_NUM_ALLOWED_CHANNELS set to 11
10-20 12:53:26.246: I/WifiService(58): WifiService trying to setNumAllowed to 11 with persist set to true
10-20 12:53:26.298: I/ActivityManager(58): Config changed: { scale=1.0 imsi=310/260 loc=en_US touch=3 keys=2/1/2 nav=3/1 orien=1 layout=34 uiMode=17 seq=3}
10-20 12:53:26.346: I/UsageStats(58): Unexpected resume of com.android.launcher while already resumed in com.android.launcher
10-20 12:53:26.976: I/ActivityThread(175): Publishing provider com.google.android.providers.talk: com.google.android.gsf.talk.TalkProvider
10-20 12:53:27.886: I/ActivityManager(58): Start proc com.android.defcontainer for service com.android.defcontainer/.DefaultContainerService: pid=191 uid=10033 gids={1015, 2001}
10-20 12:53:28.047: I/ActivityThread(158): Publishing provider call_log: com.android.providers.contacts.CallLogProvider
10-20 12:53:28.191: I/ActivityThread(158): Publishing provider user_dictionary: com.android.providers.userdictionary.UserDictionaryProvider
10-20 12:53:28.342: I/SearchManagerService(58): Building list of searchable activities
10-20 12:53:28.546: D/TelephonyProvider(123): Setting numeric '310260' to be the current operator
10-20 12:53:29.168: D/MobileDataStateTracker(58): default Received state= CONNECTING, old= DISCONNECTED, reason= simLoaded, apnTypeList= *
10-20 12:53:29.168: D/NetworkStateTracker(58): setDetailed state, old =IDLE and new state=CONNECTING
10-20 12:53:29.176: D/ConnectivityService(58): ConnectivityChange for mobile: CONNECTING/CONNECTING
10-20 12:53:29.306: D/MobileDataStateTracker(58): replacing old mInterfaceName (null) with /dev/omap_csmi_tty1 for hipri
10-20 12:53:29.329: D/MobileDataStateTracker(58): replacing old mInterfaceName (null) with /dev/omap_csmi_tty1 for supl
10-20 12:53:29.329: D/MobileDataStateTracker(58): replacing old mInterfaceName (null) with /dev/omap_csmi_tty1 for mms
10-20 12:53:29.367: D/MobileDataStateTracker(58): default Received state= CONNECTED, old= CONNECTING, reason= simLoaded, apnTypeList= *
10-20 12:53:29.367: D/NetworkStateTracker(58): setDetailed state, old =CONNECTING and new state=CONNECTED
10-20 12:53:29.367: D/ConnectivityService(58): ConnectivityChange for mobile: CONNECTED/CONNECTED
10-20 12:53:29.377: V/NetworkStateTracker(58): Setting TCP values: [4094,87380,110208,4096,16384,110208] which comes from [net.tcp.buffersize.umts]
10-20 12:53:29.598: D/ConnectivityService(58): adding dns 10.0.2.3 for mobile
10-20 12:53:29.676: D/Tethering(58): Tethering got CONNECTIVITY_ACTION
10-20 12:53:29.676: D/Tethering(58): MasterInitialState.processMessage what=3
10-20 12:53:29.676: E/HierarchicalStateMachine(58): TetherMaster - unhandledMessage: msg.what=3
10-20 12:53:30.277: I/ActivityManager(58): Start proc com.android.alarmclock for broadcast com.android.alarmclock/.AlarmInitReceiver: pid=203 uid=10000 gids={}
10-20 12:53:30.487: D/dalvikvm(32): GC_EXPLICIT freed 267 objects / 10120 bytes in 221ms
10-20 12:53:30.727: D/dalvikvm(32): GC_EXPLICIT freed 40 objects / 1752 bytes in 189ms
10-20 12:53:30.997: D/dalvikvm(32): GC_EXPLICIT freed 2 objects / 48 bytes in 272ms
10-20 12:53:31.027: I/ActivityThread(203): Publishing provider com.android.alarmclock: com.android.alarmclock.AlarmProvider
10-20 12:53:31.077: D/SntpClient(58): request time failed: java.net.SocketException: Address family not supported by protocol
10-20 12:53:31.257: I/SurfaceFlinger(58): Boot is finished (32227 ms)
10-20 12:53:31.327: I/ARMAssembler(58): generated scanline__00000177:03515104_00000001_00000000 [ 73 ipp] (95 ins) at [0x345ff8:0x346174] in 1783312 ns
10-20 12:53:31.706: D/OtaStartupReceiver(123): Not a CDMA phone, no need to process OTA
10-20 12:53:31.777: I/ActivityManager(58): Start proc com.android.mms for broadcast com.android.mms/.transaction.MmsSystemEventReceiver: pid=213 uid=10015 gids={3003, 1015}
10-20 12:53:31.847: I/RecoverySystem(58): No recovery log file
10-20 12:53:32.447: D/dalvikvm(58): GC_FOR_MALLOC freed 9080 objects / 500040 bytes in 297ms
10-20 12:53:32.507: I/ActivityManager(58): Start proc android.process.media for content provider com.android.providers.downloads/.DownloadProvider: pid=220 uid=10004 gids={1015, 1006, 2001, 3003}
10-20 12:53:33.037: I/ActivityThread(220): Publishing provider media: com.android.providers.media.MediaProvider
10-20 12:53:33.067: I/ActivityThread(213): Publishing provider com.android.mms.SuggestionsProvider: com.android.mms.SuggestionsProvider
10-20 12:53:33.317: V/MediaProvider(220): Attached volume: internal
10-20 12:53:33.447: D/dalvikvm(58): GC_EXPLICIT freed 1898 objects / 89168 bytes in 197ms
10-20 12:53:33.537: I/ActivityThread(220): Publishing provider downloads: com.android.providers.downloads.DownloadProvider
10-20 12:53:33.597: I/ActivityThread(220): Publishing provider drm: com.android.providers.drm.DrmProvider
10-20 12:53:34.507: I/ActivityManager(58): Start proc com.google.android.apps.maps:FriendService for broadcast com.google.android.apps.maps/com.google.googlenav.friend.android.ServiceReceiver: pid=239 uid=10027 gids={3003, 1015}
10-20 12:53:35.536: I/ActivityManager(58): Starting activity: Intent { flg=0x10000000 cmp=com.google.android.gsf/.update.SystemUpdateInstallDialog }
10-20 12:53:35.569: I/EventLogService(175): Aggregate from 1382267738935 (log), 1382267738935 (data)
10-20 12:53:35.687: D/MediaScannerService(220): start scanning volume internal
10-20 12:53:35.737: D/dalvikvm(191): GC_EXPLICIT freed 793 objects / 56408 bytes in 142ms
10-20 12:53:35.926: I/GTalkService(175): [ServiceAutoStarter] --- received boot intent broadcast
10-20 12:53:35.956: I/ActivityManager(58): Start proc com.android.email for broadcast com.android.email/com.android.exchange.BootReceiver: pid=246 uid=10005 gids={3003, 1015}
10-20 12:53:36.406: I/ActivityThread(246): Publishing provider com.android.email.provider: com.android.email.provider.EmailProvider
10-20 12:53:36.496: I/ActivityThread(246): Publishing provider com.android.email.attachmentprovider: com.android.email.provider.AttachmentProvider
10-20 12:53:36.496: I/ActivityThread(246): Publishing provider com.android.exchange.provider: com.android.exchange.provider.ExchangeProvider
10-20 12:53:36.706: D/Exchange(246): BootReceiver onReceive
10-20 12:53:36.776: D/EAS SyncManager(246): !!! EAS SyncManager, onCreate
10-20 12:53:37.306: I/ActivityManager(58): Start proc com.android.quicksearchbox for broadcast com.android.quicksearchbox/.SearchWidgetProvider: pid=256 uid=10024 gids={3003}
10-20 12:53:37.426: D/EAS SyncManager(246): !!! EAS SyncManager, onStartCommand
10-20 12:53:37.536: D/EAS SyncManager(246): !!! EAS SyncManager, stopping self
10-20 12:53:37.816: I/ActivityThread(256): Publishing provider com.android.quicksearchbox.google: com.android.quicksearchbox.google.GoogleSuggestionProvider
10-20 12:53:37.937: D/dalvikvm(58): GREF has increased to 301
10-20 12:53:37.977: I/ActivityManager(58): Start proc com.android.protips for broadcast com.android.protips/.ProtipWidget: pid=264 uid=10025 gids={}
10-20 12:53:38.346: D/Eas Debug(246): Logging: 
10-20 12:53:38.377: D/EAS SyncManager(246): !!! EAS SyncManager, onDestroy
10-20 12:53:38.856: I/ActivityManager(58): Displayed activity com.android.launcher/com.android.launcher2.Launcher: 27357 ms (total 27357 ms)
10-20 12:53:39.097: D/dalvikvm(175): GC_FOR_MALLOC freed 3779 objects / 283040 bytes in 243ms
10-20 12:53:39.936: I/ActivityManager(58): Start proc com.android.music for broadcast com.android.music/.MediaAppWidgetProvider: pid=273 uid=10009 gids={3003, 1015}
10-20 12:53:40.646: I/GTalkService(175): [ServiceAutoStarter] --- connectivity changed
10-20 12:53:40.646: I/GTalkService(175): [ServiceAutoStarter] --- start GTalk service ---
10-20 12:53:40.736: D/GTalkService(175): [GTalkService.1] ### onCreate ###
10-20 12:53:40.916: D/GTalkService(175): [GTalkService.1] setBackgroundDataWithLock: mBackgroundDataEnabled=true
10-20 12:53:41.126: D/GTalkService(175): [GTalkService.1] onStartCommand: found 0 connections, force audit connections...
10-20 12:53:41.286: D/GoogleLoginService(175): onBind: Intent { act=android.accounts.AccountAuthenticator cmp=com.google.android.gsf/.loginservice.GoogleLoginService }
10-20 12:53:41.307: W/GoogleLoginService(175): Device has no accounts: sending Intent { act=com.google.android.gsf.LOGIN_ACCOUNTS_MISSING }
10-20 12:53:41.356: D/GTalkService(175): [GTalkService.16] account missing
10-20 12:53:41.386: D/GTalkService(175): [GTalkService.15] account missing
10-20 12:53:42.336: D/MediaScanner(220):  prescan time: 3335ms
10-20 12:53:42.370: D/MediaScanner(220):     scan time: 65ms
10-20 12:53:42.370: D/MediaScanner(220): postscan time: 1ms
10-20 12:53:42.370: D/MediaScanner(220):    total time: 3401ms
10-20 12:53:42.410: D/MediaScannerService(220): done scanning volume internal
10-20 12:53:43.446: D/dalvikvm(158): GC_FOR_MALLOC freed 3912 objects / 237608 bytes in 99ms
10-20 12:53:43.598: D/PackageParser(58): Scanning package: /data/app/vmdl25505.tmp
10-20 12:53:44.178: D/dalvikvm(125): GC_EXTERNAL_ALLOC freed 3771 objects / 206424 bytes in 112ms
10-20 12:53:44.686: I/PackageManager(58): Removing non-system package:com.pogodaandek
10-20 12:53:44.697: I/ActivityManager(58): Force stopping package com.pogodaandek uid=10042
10-20 12:53:44.996: I/Launcher.Model(125): not binding apps: no Launcher activity
